Archive member included because of file (symbol)

c:/program files (x86)/atmel/atmel toolchain/avr8 gcc/native/3.4.1061/avr8-gnu-toolchain/bin/../lib/gcc/avr/4.8.1/avr5\libgcc.a(_divmodhi4.o)
                              ds1307.o (__divmodhi4)
c:/program files (x86)/atmel/atmel toolchain/avr8 gcc/native/3.4.1061/avr8-gnu-toolchain/bin/../lib/gcc/avr/4.8.1/avr5\libgcc.a(_udivmodsi4.o)
                              atmega328.o (__udivmodsi4)
c:/program files (x86)/atmel/atmel toolchain/avr8 gcc/native/3.4.1061/avr8-gnu-toolchain/bin/../lib/gcc/avr/4.8.1/avr5\libgcc.a(_exit.o)
                              c:/program files (x86)/atmel/atmel toolchain/avr8 gcc/native/3.4.1061/avr8-gnu-toolchain/bin/../lib/gcc/avr/4.8.1/../../../../avr/lib/avr5/crtm328p.o (exit)
c:/program files (x86)/atmel/atmel toolchain/avr8 gcc/native/3.4.1061/avr8-gnu-toolchain/bin/../lib/gcc/avr/4.8.1/avr5\libgcc.a(_tablejump.o)
                              atmega328.o (__tablejump2__)
c:/program files (x86)/atmel/atmel toolchain/avr8 gcc/native/3.4.1061/avr8-gnu-toolchain/bin/../lib/gcc/avr/4.8.1/avr5\libgcc.a(_copy_data.o)
                              atmega328.o (__do_copy_data)
c:/program files (x86)/atmel/atmel toolchain/avr8 gcc/native/3.4.1061/avr8-gnu-toolchain/bin/../lib/gcc/avr/4.8.1/avr5\libgcc.a(_clear_bss.o)
                              atmega328.o (__do_clear_bss)
c:/program files (x86)/atmel/atmel toolchain/avr8 gcc/native/3.4.1061/avr8-gnu-toolchain/bin/../lib/gcc/avr/4.8.1/avr5\libgcc.a(_ashrdi3.o)
                              atmega328.o (__lshrdi3)
c:/program files (x86)/atmel/atmel toolchain/avr8 gcc/native/3.4.1061/avr8-gnu-toolchain/bin/../lib/gcc/avr/4.8.1/avr5\libgcc.a(_udivmodhi4.o)
                              c:/program files (x86)/atmel/atmel toolchain/avr8 gcc/native/3.4.1061/avr8-gnu-toolchain/bin/../lib/gcc/avr/4.8.1/avr5\libgcc.a(_divmodhi4.o) (__udivmodhi4)
c:/program files (x86)/atmel/atmel toolchain/avr8 gcc/native/3.4.1061/avr8-gnu-toolchain/bin/../lib/gcc/avr/4.8.1/../../../../avr/lib/avr5\libc.a(iob.o)
                              atmega328.o (__iob)
c:/program files (x86)/atmel/atmel toolchain/avr8 gcc/native/3.4.1061/avr8-gnu-toolchain/bin/../lib/gcc/avr/4.8.1/../../../../avr/lib/avr5\libc.a(printf.o)
                              RTC Serial.o (printf)
c:/program files (x86)/atmel/atmel toolchain/avr8 gcc/native/3.4.1061/avr8-gnu-toolchain/bin/../lib/gcc/avr/4.8.1/../../../../avr/lib/avr5\libc.a(vfprintf_std.o)
                              c:/program files (x86)/atmel/atmel toolchain/avr8 gcc/native/3.4.1061/avr8-gnu-toolchain/bin/../lib/gcc/avr/4.8.1/../../../../avr/lib/avr5\libc.a(printf.o) (vfprintf)
c:/program files (x86)/atmel/atmel toolchain/avr8 gcc/native/3.4.1061/avr8-gnu-toolchain/bin/../lib/gcc/avr/4.8.1/../../../../avr/lib/avr5\libc.a(strnlen_P.o)
                              c:/program files (x86)/atmel/atmel toolchain/avr8 gcc/native/3.4.1061/avr8-gnu-toolchain/bin/../lib/gcc/avr/4.8.1/../../../../avr/lib/avr5\libc.a(vfprintf_std.o) (strnlen_P)
c:/program files (x86)/atmel/atmel toolchain/avr8 gcc/native/3.4.1061/avr8-gnu-toolchain/bin/../lib/gcc/avr/4.8.1/../../../../avr/lib/avr5\libc.a(strnlen.o)
                              c:/program files (x86)/atmel/atmel toolchain/avr8 gcc/native/3.4.1061/avr8-gnu-toolchain/bin/../lib/gcc/avr/4.8.1/../../../../avr/lib/avr5\libc.a(vfprintf_std.o) (strnlen)
c:/program files (x86)/atmel/atmel toolchain/avr8 gcc/native/3.4.1061/avr8-gnu-toolchain/bin/../lib/gcc/avr/4.8.1/../../../../avr/lib/avr5\libc.a(fputc.o)
                              c:/program files (x86)/atmel/atmel toolchain/avr8 gcc/native/3.4.1061/avr8-gnu-toolchain/bin/../lib/gcc/avr/4.8.1/../../../../avr/lib/avr5\libc.a(vfprintf_std.o) (fputc)
c:/program files (x86)/atmel/atmel toolchain/avr8 gcc/native/3.4.1061/avr8-gnu-toolchain/bin/../lib/gcc/avr/4.8.1/../../../../avr/lib/avr5\libc.a(ultoa_invert.o)
                              c:/program files (x86)/atmel/atmel toolchain/avr8 gcc/native/3.4.1061/avr8-gnu-toolchain/bin/../lib/gcc/avr/4.8.1/../../../../avr/lib/avr5\libc.a(vfprintf_std.o) (__ultoa_invert)
c:/program files (x86)/atmel/atmel toolchain/avr8 gcc/native/3.4.1061/avr8-gnu-toolchain/bin/../lib/gcc/avr/4.8.1/avr5\libgcc.a(_prologue.o)
                              c:/program files (x86)/atmel/atmel toolchain/avr8 gcc/native/3.4.1061/avr8-gnu-toolchain/bin/../lib/gcc/avr/4.8.1/../../../../avr/lib/avr5\libc.a(printf.o) (__prologue_saves__)
c:/program files (x86)/atmel/atmel toolchain/avr8 gcc/native/3.4.1061/avr8-gnu-toolchain/bin/../lib/gcc/avr/4.8.1/avr5\libgcc.a(_epilogue.o)
                              c:/program files (x86)/atmel/atmel toolchain/avr8 gcc/native/3.4.1061/avr8-gnu-toolchain/bin/../lib/gcc/avr/4.8.1/../../../../avr/lib/avr5\libc.a(printf.o) (__epilogue_restores__)

Allocating common symbols
Common symbol       size              file

systemFlags         0x1               RTC Serial.o
usartReceiverBuffer
                    0x32              atmega328.o
usartReceiverBufferNextWrite
                    0x1               atmega328.o
usartReceiverBufferLength
                    0x1               atmega328.o
usartReceiverBufferNextRead
                    0x1               atmega328.o
__iob               0x6               c:/program files (x86)/atmel/atmel toolchain/avr8 gcc/native/3.4.1061/avr8-gnu-toolchain/bin/../lib/gcc/avr/4.8.1/../../../../avr/lib/avr5\libc.a(iob.o)

Discarded input sections

 .data          0x00000000        0x0 c:/program files (x86)/atmel/atmel toolchain/avr8 gcc/native/3.4.1061/avr8-gnu-toolchain/bin/../lib/gcc/avr/4.8.1/../../../../avr/lib/avr5/crtm328p.o
 .bss           0x00000000        0x0 c:/program files (x86)/atmel/atmel toolchain/avr8 gcc/native/3.4.1061/avr8-gnu-toolchain/bin/../lib/gcc/avr/4.8.1/../../../../avr/lib/avr5/crtm328p.o
 .text          0x00000000        0x0 atmega328.o
 .data          0x00000000        0x0 atmega328.o
 .bss           0x00000000        0x0 atmega328.o
 .text.globalInterruptEnable
                0x00000000        0x4 atmega328.o
 .text.globalInterruptDisable
                0x00000000        0x4 atmega328.o
 .text.systemClockSetPrescaler
                0x00000000       0x4c atmega328.o
 .progmem.gcc_sw_table.systemClockSetPrescaler
                0x00000000       0x12 atmega328.o
 .text.eepromSetOperationMode
                0x00000000       0x12 atmega328.o
 .text.eepromReadyActivateInterrupt
                0x00000000        0x4 atmega328.o
 .text.eepromReadyDeactivateInterrupt
                0x00000000        0x4 atmega328.o
 .text.eepromWrite
                0x00000000       0x1a atmega328.o
 .text.eepromRead
                0x00000000       0x10 atmega328.o
 .text.globalPullUpEnable
                0x00000000        0x8 atmega328.o
 .text.pullUpDisable
                0x00000000        0x8 atmega328.o
 .text.int0DeactivateInterrupt
                0x00000000        0x4 atmega328.o
 .text.int0ClearInterruptRequest
                0x00000000        0x4 atmega328.o
 .text.int1Config
                0x00000000       0x72 atmega328.o
 .text.int1ActivateInterrupt
                0x00000000        0x4 atmega328.o
 .text.int1DeactivateInterrupt
                0x00000000        0x4 atmega328.o
 .text.int1ClearInterruptRequest
                0x00000000        0x4 atmega328.o
 .text.pcint7_0Enable
                0x00000000        0xc atmega328.o
 .text.pcint7_0Disable
                0x00000000        0xc atmega328.o
 .text.pcint7_0ClearInterruptRequest
                0x00000000        0x4 atmega328.o
 .text.pcint0ActivateInterrupt
                0x00000000       0x42 atmega328.o
 .text.pcint0DeactivateInterrupt
                0x00000000        0xc atmega328.o
 .text.pcint1ActivateInterrupt
                0x00000000       0x42 atmega328.o
 .text.pcint1DeactivateInterrupt
                0x00000000        0xc atmega328.o
 .text.pcint2ActivateInterrupt
                0x00000000       0x42 atmega328.o
 .text.pcint2DeactivateInterrupt
                0x00000000        0xc atmega328.o
 .text.pcint3ActivateInterrupt
                0x00000000       0x42 atmega328.o
 .text.pcint3DeactivateInterrupt
                0x00000000        0xc atmega328.o
 .text.pcint4ActivateInterrupt
                0x00000000       0x42 atmega328.o
 .text.pcint4DeactivateInterrupt
                0x00000000        0xc atmega328.o
 .text.pcint5ActivateInterrupt
                0x00000000       0x42 atmega328.o
 .text.pcint5DeactivateInterrupt
                0x00000000        0xc atmega328.o
 .text.pcint6ActivateInterrupt
                0x00000000       0x42 atmega328.o
 .text.pcint6DeactivateInterrupt
                0x00000000        0xc atmega328.o
 .text.pcint7ActivateInterrupt
                0x00000000       0x42 atmega328.o
 .text.pcint7DeactivateInterrupt
                0x00000000        0xc atmega328.o
 .text.pcint14_8Enable
                0x00000000        0xc atmega328.o
 .text.pcint14_8Disable
                0x00000000        0xc atmega328.o
 .text.pcint14_8ClearInterruptRequest
                0x00000000        0x4 atmega328.o
 .text.pcint8ActivateInterrupt
                0x00000000       0x42 atmega328.o
 .text.pcint8DeactivateInterrupt
                0x00000000        0xc atmega328.o
 .text.pcint9ActivateInterrupt
                0x00000000       0x42 atmega328.o
 .text.pcint9DeactivateInterrupt
                0x00000000        0xc atmega328.o
 .text.pcint10ActivateInterrupt
                0x00000000       0x42 atmega328.o
 .text.pcint10DeactivateInterrupt
                0x00000000        0xc atmega328.o
 .text.pcint11ActivateInterrupt
                0x00000000       0x42 atmega328.o
 .text.pcint11DeactivateInterrupt
                0x00000000        0xc atmega328.o
 .text.pcint12ActivateInterrupt
                0x00000000       0x42 atmega328.o
 .text.pcint12DeactivateInterrupt
                0x00000000        0xc atmega328.o
 .text.pcint13ActivateInterrupt
                0x00000000       0x42 atmega328.o
 .text.pcint13DeactivateInterrupt
                0x00000000        0xc atmega328.o
 .text.pcint14ActivateInterrupt
                0x00000000       0x42 atmega328.o
 .text.pcint14DeactivateInterrupt
                0x00000000        0xc atmega328.o
 .text.pcint23_16Enable
                0x00000000        0xc atmega328.o
 .text.pcint23_16Disable
                0x00000000        0xc atmega328.o
 .text.pcint23_16ClearInterruptRequest
                0x00000000        0x4 atmega328.o
 .text.pcint16ActivateInterrupt
                0x00000000       0x42 atmega328.o
 .text.pcint16DeactivateInterrupt
                0x00000000        0xc atmega328.o
 .text.pcint17ActivateInterrupt
                0x00000000       0x42 atmega328.o
 .text.pcint17DeactivateInterrupt
                0x00000000        0xc atmega328.o
 .text.pcint18ActivateInterrupt
                0x00000000       0x42 atmega328.o
 .text.pcint18DeactivateInterrupt
                0x00000000        0xc atmega328.o
 .text.pcint19ActivateInterrupt
                0x00000000       0x42 atmega328.o
 .text.pcint19DeactivateInterrupt
                0x00000000        0xc atmega328.o
 .text.pcint20ActivateInterrupt
                0x00000000       0x42 atmega328.o
 .text.pcint20DeactivateInterrupt
                0x00000000        0xc atmega328.o
 .text.pcint21ActivateInterrupt
                0x00000000       0x42 atmega328.o
 .text.pcint21DeactivateInterrupt
                0x00000000        0xc atmega328.o
 .text.pcint22ActivateInterrupt
                0x00000000       0x42 atmega328.o
 .text.pcint22DeactivateInterrupt
                0x00000000        0xc atmega328.o
 .text.pcint23ActivateInterrupt
                0x00000000       0x42 atmega328.o
 .text.pcint23DeactivateInterrupt
                0x00000000        0xc atmega328.o
 .text.timer0Config
                0x00000000       0x94 atmega328.o
 .text.timer0OutputConfig
                0x00000000       0x64 atmega328.o
 .text.timer0ActivateOverflowInterrupt
                0x00000000        0xc atmega328.o
 .text.timer0DeactivateOverflowInterrupt
                0x00000000        0xc atmega328.o
 .text.timer0ClearOverflowInterruptRequest
                0x00000000        0x4 atmega328.o
 .text.timer0ActivateCompareAInterrupt
                0x00000000        0xc atmega328.o
 .text.timer0DeactivateCompareAInterrupt
                0x00000000        0xc atmega328.o
 .text.timer0ClearCompareAInterruptRequest
                0x00000000        0x4 atmega328.o
 .text.timer0ActivateCompareBInterrupt
                0x00000000        0xc atmega328.o
 .text.timer0DeactivateCompareBInterrupt
                0x00000000        0xc atmega328.o
 .text.timer0ClearCompareBInterruptRequest
                0x00000000        0x4 atmega328.o
 .text.timer0ForceCompareA
                0x00000000        0x8 atmega328.o
 .text.timer0ForceCompareB
                0x00000000        0x8 atmega328.o
 .text.timer0SetCounterValue
                0x00000000        0x4 atmega328.o
 .text.timer0GetCounterValue
                0x00000000        0x4 atmega328.o
 .text.timer0SetCompareAValue
                0x00000000        0x4 atmega328.o
 .text.timer0GetCompareAValue
                0x00000000        0x4 atmega328.o
 .text.timer0SetCompareBValue
                0x00000000        0x4 atmega328.o
 .text.timer0GetCompareBValue
                0x00000000        0x4 atmega328.o
 .text.timer1Config
                0x00000000       0x3a atmega328.o
 .text.timer1OutputConfig
                0x00000000       0x2c atmega328.o
 .text.timer1InputCaptureNoiseCancelerConfig
                0x00000000       0x10 atmega328.o
 .text.timer1ActivateOverflowInterrupt
                0x00000000        0xe atmega328.o
 .text.timer1DeactivateOverflowInterrupt
                0x00000000        0xe atmega328.o
 .text.timer1ClearOverflowInterruptRequest
                0x00000000        0x6 atmega328.o
 .text.timer1ActivateCompareAInterrupt
                0x00000000        0xe atmega328.o
 .text.timer1DeactivateCompareAInterrupt
                0x00000000        0xe atmega328.o
 .text.timer1ClearCompareAInterruptRequest
                0x00000000        0x6 atmega328.o
 .text.timer1ActivateCompareBInterrupt
                0x00000000        0xe atmega328.o
 .text.timer1DeactivateCompareBInterrupt
                0x00000000        0xe atmega328.o
 .text.timer1ClearCompareBInterruptRequest
                0x00000000        0x6 atmega328.o
 .text.timer1ActivateInputCaptureInterrupt
                0x00000000        0xe atmega328.o
 .text.timer1DeactivateInputCaptureInterrupt
                0x00000000        0xe atmega328.o
 .text.timer1ClearInputCaptureInterruptRequest
                0x00000000        0x6 atmega328.o
 .text.timer1ForceCompareA
                0x00000000        0xe atmega328.o
 .text.timer1ForceCompareB
                0x00000000        0xe atmega328.o
 .text.timer1SetCounterValue
                0x00000000       0x12 atmega328.o
 .text.timer1GetCounterValue
                0x00000000        0xa atmega328.o
 .text.timer1SetCompareAValue
                0x00000000       0x12 atmega328.o
 .text.timer1GetCompareAValue
                0x00000000        0xa atmega328.o
 .text.timer1SetCompareBValue
                0x00000000       0x12 atmega328.o
 .text.timer1GetCompareBValue
                0x00000000        0xa atmega328.o
 .text.timer1SetInputCaptureValue
                0x00000000       0x12 atmega328.o
 .text.timer1GetInputCaptureValue
                0x00000000        0xa atmega328.o
 .text.timer2Config
                0x00000000       0x30 atmega328.o
 .text.timer2OutputConfig
                0x00000000       0x2c atmega328.o
 .text.timer2ActivateOverflowInterrupt
                0x00000000        0xe atmega328.o
 .text.timer2DeactivateOverflowInterrupt
                0x00000000        0xe atmega328.o
 .text.timer2ClearOverflowInterruptRequest
                0x00000000        0x6 atmega328.o
 .text.timer2ActivateCompareAInterrupt
                0x00000000        0xe atmega328.o
 .text.timer2DeactivateCompareAInterrupt
                0x00000000        0xe atmega328.o
 .text.timer2ClearCompareAInterruptRequest
                0x00000000        0x6 atmega328.o
 .text.timer2ActivateCompareBInterrupt
                0x00000000        0xe atmega328.o
 .text.timer2DeactivateCompareBInterrupt
                0x00000000        0xe atmega328.o
 .text.timer2ClearCompareBInterruptRequest
                0x00000000        0x6 atmega328.o
 .text.timer2ForceCompareA
                0x00000000        0xe atmega328.o
 .text.timer2ForceCompareB
                0x00000000        0xe atmega328.o
 .text.timer2SetCounterValue
                0x00000000        0x8 atmega328.o
 .text.timer2GetCounterValue
                0x00000000        0x6 atmega328.o
 .text.timer2SetCompareAValue
                0x00000000        0x8 atmega328.o
 .text.timer2GetCompareAValue
                0x00000000        0x6 atmega328.o
 .text.timer2SetCompareBValue
                0x00000000        0x8 atmega328.o
 .text.timer2GetCompareBValue
                0x00000000        0x6 atmega328.o
 .text.adcConfig
                0x00000000       0x8e atmega328.o
 .progmem.gcc_sw_table.adcConfig
                0x00000000        0xe atmega328.o
 .text.adcSelectChannel
                0x00000000       0x10 atmega328.o
 .text.adcEnableDigitalInput
                0x00000000       0x10 atmega328.o
 .text.adcDisableDigitalInput
                0x00000000        0xe atmega328.o
 .text.adcDataPresentation
                0x00000000       0x1e atmega328.o
 .text.adcEnable
                0x00000000        0xe atmega328.o
 .text.adcDisable
                0x00000000        0xe atmega328.o
 .text.adcClearInterruptRequest
                0x00000000        0xe atmega328.o
 .text.adcActivateInterrupt
                0x00000000        0xe atmega328.o
 .text.adcDeactivateInterrupt
                0x00000000        0xe atmega328.o
 .text.adcStartConversion
                0x00000000        0xe atmega328.o
 .text.adcIsBusy
                0x00000000        0xc atmega328.o
 .text.adcWaitUntilConversionFinish
                0x00000000        0xe atmega328.o
 .text.usartDisableReceiver
                0x00000000        0xe atmega328.o
 .text.usartDisableTransmitter
                0x00000000        0xe atmega328.o
 .text.usartDeactivateReceptionCompleteInterrupt
                0x00000000        0xe atmega328.o
 .text.usartActivateTransmissionCompleteInterrupt
                0x00000000        0xe atmega328.o
 .text.usartDeactivateTransmissionCompleteInterrupt
                0x00000000        0xe atmega328.o
 .text.usartActivateBufferEmptyInterrupt
                0x00000000        0xe atmega328.o
 .text.usartDeactivateBufferEmptyInterrupt
                0x00000000        0xe atmega328.o
 .text.usartIsReceptionComplete
                0x00000000        0xc atmega328.o
 .text.usartIsTransmissionComplete
                0x00000000        0xc atmega328.o
 .text.usartCheckError
                0x00000000       0x26 atmega328.o
 .text.usartTransmit
                0x00000000       0x16 atmega328.o
 .text.usartTransmit9bits
                0x00000000       0x3a atmega328.o
 .text.usartReceive
                0x00000000       0x14 atmega328.o
 .text.usartReceive9bits
                0x00000000       0x28 atmega328.o
 .text.usartClearReceptionBuffer
                0x00000000       0x1a atmega328.o
 .text.usartAddDataToReceiverBuffer
                0x00000000       0x60 atmega328.o
 .text.usartGetDataFromReceiverBuffer
                0x00000000       0x46 atmega328.o
 .text.usartIsReceiverBufferEmpty
                0x00000000        0xc atmega328.o
 .text.usartGetCurrentBaudRate
                0x00000000        0x8 atmega328.o
 .text.spiInit  0x00000000        0x2 atmega328.o
 .text.spiMasterTransmit
                0x00000000        0xc atmega328.o
 .text.spiSlaveTransmit
                0x00000000        0xa atmega328.o
 COMMON         0x00000000       0x35 atmega328.o
 .text          0x00000000        0x0 ds1307.o
 .data          0x00000000        0x0 ds1307.o
 .bss           0x00000000        0x0 ds1307.o
 .text.ds1307GetDate
                0x00000000      0x140 ds1307.o
 .text.ds1307SetDate
                0x00000000       0xf2 ds1307.o
 .text.ds1307SetTime
                0x00000000      0x138 ds1307.o
 .text.ds1307SetRamData
                0x00000000       0x2c ds1307.o
 .text.ds1307GetRamData
                0x00000000       0x42 ds1307.o
 .text          0x00000000        0x0 RTC Serial.o
 .data          0x00000000        0x0 RTC Serial.o
 .bss           0x00000000        0x0 RTC Serial.o
 .text          0x00000000        0x0 twimaster.o
 .data          0x00000000        0x0 twimaster.o
 .bss           0x00000000        0x0 twimaster.o
 .text.twiMasterResendData
                0x00000000       0x1c twimaster.o
 .text.twiMasterErrorHandler
                0x00000000       0x16 twimaster.o
 .text.twiMasterGetStatus
                0x00000000        0xe twimaster.o
 .text          0x00000000        0x0 c:/program files (x86)/atmel/atmel toolchain/avr8 gcc/native/3.4.1061/avr8-gnu-toolchain/bin/../lib/gcc/avr/4.8.1/avr5\libgcc.a(_divmodhi4.o)
 .data          0x00000000        0x0 c:/program files (x86)/atmel/atmel toolchain/avr8 gcc/native/3.4.1061/avr8-gnu-toolchain/bin/../lib/gcc/avr/4.8.1/avr5\libgcc.a(_divmodhi4.o)
 .bss           0x00000000        0x0 c:/program files (x86)/atmel/atmel toolchain/avr8 gcc/native/3.4.1061/avr8-gnu-toolchain/bin/../lib/gcc/avr/4.8.1/avr5\libgcc.a(_divmodhi4.o)
 .text.libgcc.mul
                0x00000000        0x0 c:/program files (x86)/atmel/atmel toolchain/avr8 gcc/native/3.4.1061/avr8-gnu-toolchain/bin/../lib/gcc/avr/4.8.1/avr5\libgcc.a(_divmodhi4.o)
 .text.libgcc   0x00000000        0x0 c:/program files (x86)/atmel/atmel toolchain/avr8 gcc/native/3.4.1061/avr8-gnu-toolchain/bin/../lib/gcc/avr/4.8.1/avr5\libgcc.a(_divmodhi4.o)
 .text.libgcc.prologue
                0x00000000        0x0 c:/program files (x86)/atmel/atmel toolchain/avr8 gcc/native/3.4.1061/avr8-gnu-toolchain/bin/../lib/gcc/avr/4.8.1/avr5\libgcc.a(_divmodhi4.o)
 .text.libgcc.builtins
                0x00000000        0x0 c:/program files (x86)/atmel/atmel toolchain/avr8 gcc/native/3.4.1061/avr8-gnu-toolchain/bin/../lib/gcc/avr/4.8.1/avr5\libgcc.a(_divmodhi4.o)
 .text.libgcc.fmul
                0x00000000        0x0 c:/program files (x86)/atmel/atmel toolchain/avr8 gcc/native/3.4.1061/avr8-gnu-toolchain/bin/../lib/gcc/avr/4.8.1/avr5\libgcc.a(_divmodhi4.o)
 .text.libgcc.fixed
                0x00000000        0x0 c:/program files (x86)/atmel/atmel toolchain/avr8 gcc/native/3.4.1061/avr8-gnu-toolchain/bin/../lib/gcc/avr/4.8.1/avr5\libgcc.a(_divmodhi4.o)
 .text          0x00000000        0x0 c:/program files (x86)/atmel/atmel toolchain/avr8 gcc/native/3.4.1061/avr8-gnu-toolchain/bin/../lib/gcc/avr/4.8.1/avr5\libgcc.a(_udivmodsi4.o)
 .data          0x00000000        0x0 c:/program files (x86)/atmel/atmel toolchain/avr8 gcc/native/3.4.1061/avr8-gnu-toolchain/bin/../lib/gcc/avr/4.8.1/avr5\libgcc.a(_udivmodsi4.o)
 .bss           0x00000000        0x0 c:/program files (x86)/atmel/atmel toolchain/avr8 gcc/native/3.4.1061/avr8-gnu-toolchain/bin/../lib/gcc/avr/4.8.1/avr5\libgcc.a(_udivmodsi4.o)
 .text.libgcc.mul
                0x00000000        0x0 c:/program files (x86)/atmel/atmel toolchain/avr8 gcc/native/3.4.1061/avr8-gnu-toolchain/bin/../lib/gcc/avr/4.8.1/avr5\libgcc.a(_udivmodsi4.o)
 .text.libgcc   0x00000000        0x0 c:/program files (x86)/atmel/atmel toolchain/avr8 gcc/native/3.4.1061/avr8-gnu-toolchain/bin/../lib/gcc/avr/4.8.1/avr5\libgcc.a(_udivmodsi4.o)
 .text.libgcc.prologue
                0x00000000        0x0 c:/program files (x86)/atmel/atmel toolchain/avr8 gcc/native/3.4.1061/avr8-gnu-toolchain/bin/../lib/gcc/avr/4.8.1/avr5\libgcc.a(_udivmodsi4.o)
 .text.libgcc.builtins
                0x00000000        0x0 c:/program files (x86)/atmel/atmel toolchain/avr8 gcc/native/3.4.1061/avr8-gnu-toolchain/bin/../lib/gcc/avr/4.8.1/avr5\libgcc.a(_udivmodsi4.o)
 .text.libgcc.fmul
                0x00000000        0x0 c:/program files (x86)/atmel/atmel toolchain/avr8 gcc/native/3.4.1061/avr8-gnu-toolchain/bin/../lib/gcc/avr/4.8.1/avr5\libgcc.a(_udivmodsi4.o)
 .text.libgcc.fixed
                0x00000000        0x0 c:/program files (x86)/atmel/atmel toolchain/avr8 gcc/native/3.4.1061/avr8-gnu-toolchain/bin/../lib/gcc/avr/4.8.1/avr5\libgcc.a(_udivmodsi4.o)
 .text          0x00000000        0x0 c:/program files (x86)/atmel/atmel toolchain/avr8 gcc/native/3.4.1061/avr8-gnu-toolchain/bin/../lib/gcc/avr/4.8.1/avr5\libgcc.a(_exit.o)
 .data          0x00000000        0x0 c:/program files (x86)/atmel/atmel toolchain/avr8 gcc/native/3.4.1061/avr8-gnu-toolchain/bin/../lib/gcc/avr/4.8.1/avr5\libgcc.a(_exit.o)
 .bss           0x00000000        0x0 c:/program files (x86)/atmel/atmel toolchain/avr8 gcc/native/3.4.1061/avr8-gnu-toolchain/bin/../lib/gcc/avr/4.8.1/avr5\libgcc.a(_exit.o)
 .text.libgcc.mul
                0x00000000        0x0 c:/program files (x86)/atmel/atmel toolchain/avr8 gcc/native/3.4.1061/avr8-gnu-toolchain/bin/../lib/gcc/avr/4.8.1/avr5\libgcc.a(_exit.o)
 .text.libgcc.div
                0x00000000        0x0 c:/program files (x86)/atmel/atmel toolchain/avr8 gcc/native/3.4.1061/avr8-gnu-toolchain/bin/../lib/gcc/avr/4.8.1/avr5\libgcc.a(_exit.o)
 .text.libgcc   0x00000000        0x0 c:/program files (x86)/atmel/atmel toolchain/avr8 gcc/native/3.4.1061/avr8-gnu-toolchain/bin/../lib/gcc/avr/4.8.1/avr5\libgcc.a(_exit.o)
 .text.libgcc.prologue
                0x00000000        0x0 c:/program files (x86)/atmel/atmel toolchain/avr8 gcc/native/3.4.1061/avr8-gnu-toolchain/bin/../lib/gcc/avr/4.8.1/avr5\libgcc.a(_exit.o)
 .text.libgcc.builtins
                0x00000000        0x0 c:/program files (x86)/atmel/atmel toolchain/avr8 gcc/native/3.4.1061/avr8-gnu-toolchain/bin/../lib/gcc/avr/4.8.1/avr5\libgcc.a(_exit.o)
 .text.libgcc.fmul
                0x00000000        0x0 c:/program files (x86)/atmel/atmel toolchain/avr8 gcc/native/3.4.1061/avr8-gnu-toolchain/bin/../lib/gcc/avr/4.8.1/avr5\libgcc.a(_exit.o)
 .text.libgcc.fixed
                0x00000000        0x0 c:/program files (x86)/atmel/atmel toolchain/avr8 gcc/native/3.4.1061/avr8-gnu-toolchain/bin/../lib/gcc/avr/4.8.1/avr5\libgcc.a(_exit.o)
 .text          0x00000000        0x0 c:/program files (x86)/atmel/atmel toolchain/avr8 gcc/native/3.4.1061/avr8-gnu-toolchain/bin/../lib/gcc/avr/4.8.1/avr5\libgcc.a(_tablejump.o)
 .data          0x00000000        0x0 c:/program files (x86)/atmel/atmel toolchain/avr8 gcc/native/3.4.1061/avr8-gnu-toolchain/bin/../lib/gcc/avr/4.8.1/avr5\libgcc.a(_tablejump.o)
 .bss           0x00000000        0x0 c:/program files (x86)/atmel/atmel toolchain/avr8 gcc/native/3.4.1061/avr8-gnu-toolchain/bin/../lib/gcc/avr/4.8.1/avr5\libgcc.a(_tablejump.o)
 .text.libgcc.mul
                0x00000000        0x0 c:/program files (x86)/atmel/atmel toolchain/avr8 gcc/native/3.4.1061/avr8-gnu-toolchain/bin/../lib/gcc/avr/4.8.1/avr5\libgcc.a(_tablejump.o)
 .text.libgcc.div
                0x00000000        0x0 c:/program files (x86)/atmel/atmel toolchain/avr8 gcc/native/3.4.1061/avr8-gnu-toolchain/bin/../lib/gcc/avr/4.8.1/avr5\libgcc.a(_tablejump.o)
 .text.libgcc.prologue
                0x00000000        0x0 c:/program files (x86)/atmel/atmel toolchain/avr8 gcc/native/3.4.1061/avr8-gnu-toolchain/bin/../lib/gcc/avr/4.8.1/avr5\libgcc.a(_tablejump.o)
 .text.libgcc.builtins
                0x00000000        0x0 c:/program files (x86)/atmel/atmel toolchain/avr8 gcc/native/3.4.1061/avr8-gnu-toolchain/bin/../lib/gcc/avr/4.8.1/avr5\libgcc.a(_tablejump.o)
 .text.libgcc.fmul
                0x00000000        0x0 c:/program files (x86)/atmel/atmel toolchain/avr8 gcc/native/3.4.1061/avr8-gnu-toolchain/bin/../lib/gcc/avr/4.8.1/avr5\libgcc.a(_tablejump.o)
 .text.libgcc.fixed
                0x00000000        0x0 c:/program files (x86)/atmel/atmel toolchain/avr8 gcc/native/3.4.1061/avr8-gnu-toolchain/bin/../lib/gcc/avr/4.8.1/avr5\libgcc.a(_tablejump.o)
 .text          0x00000000        0x0 c:/program files (x86)/atmel/atmel toolchain/avr8 gcc/native/3.4.1061/avr8-gnu-toolchain/bin/../lib/gcc/avr/4.8.1/avr5\libgcc.a(_copy_data.o)
 .data          0x00000000        0x0 c:/program files (x86)/atmel/atmel toolchain/avr8 gcc/native/3.4.1061/avr8-gnu-toolchain/bin/../lib/gcc/avr/4.8.1/avr5\libgcc.a(_copy_data.o)
 .bss           0x00000000        0x0 c:/program files (x86)/atmel/atmel toolchain/avr8 gcc/native/3.4.1061/avr8-gnu-toolchain/bin/../lib/gcc/avr/4.8.1/avr5\libgcc.a(_copy_data.o)
 .text.libgcc.mul
                0x00000000        0x0 c:/program files (x86)/atmel/atmel toolchain/avr8 gcc/native/3.4.1061/avr8-gnu-toolchain/bin/../lib/gcc/avr/4.8.1/avr5\libgcc.a(_copy_data.o)
 .text.libgcc.div
                0x00000000        0x0 c:/program files (x86)/atmel/atmel toolchain/avr8 gcc/native/3.4.1061/avr8-gnu-toolchain/bin/../lib/gcc/avr/4.8.1/avr5\libgcc.a(_copy_data.o)
 .text.libgcc   0x00000000        0x0 c:/program files (x86)/atmel/atmel toolchain/avr8 gcc/native/3.4.1061/avr8-gnu-toolchain/bin/../lib/gcc/avr/4.8.1/avr5\libgcc.a(_copy_data.o)
 .text.libgcc.prologue
                0x00000000        0x0 c:/program files (x86)/atmel/atmel toolchain/avr8 gcc/native/3.4.1061/avr8-gnu-toolchain/bin/../lib/gcc/avr/4.8.1/avr5\libgcc.a(_copy_data.o)
 .text.libgcc.builtins
                0x00000000        0x0 c:/program files (x86)/atmel/atmel toolchain/avr8 gcc/native/3.4.1061/avr8-gnu-toolchain/bin/../lib/gcc/avr/4.8.1/avr5\libgcc.a(_copy_data.o)
 .text.libgcc.fmul
                0x00000000        0x0 c:/program files (x86)/atmel/atmel toolchain/avr8 gcc/native/3.4.1061/avr8-gnu-toolchain/bin/../lib/gcc/avr/4.8.1/avr5\libgcc.a(_copy_data.o)
 .text.libgcc.fixed
                0x00000000        0x0 c:/program files (x86)/atmel/atmel toolchain/avr8 gcc/native/3.4.1061/avr8-gnu-toolchain/bin/../lib/gcc/avr/4.8.1/avr5\libgcc.a(_copy_data.o)
 .text          0x00000000        0x0 c:/program files (x86)/atmel/atmel toolchain/avr8 gcc/native/3.4.1061/avr8-gnu-toolchain/bin/../lib/gcc/avr/4.8.1/avr5\libgcc.a(_clear_bss.o)
 .data          0x00000000        0x0 c:/program files (x86)/atmel/atmel toolchain/avr8 gcc/native/3.4.1061/avr8-gnu-toolchain/bin/../lib/gcc/avr/4.8.1/avr5\libgcc.a(_clear_bss.o)
 .bss           0x00000000        0x0 c:/program files (x86)/atmel/atmel toolchain/avr8 gcc/native/3.4.1061/avr8-gnu-toolchain/bin/../lib/gcc/avr/4.8.1/avr5\libgcc.a(_clear_bss.o)
 .text.libgcc.mul
                0x00000000        0x0 c:/program files (x86)/atmel/atmel toolchain/avr8 gcc/native/3.4.1061/avr8-gnu-toolchain/bin/../lib/gcc/avr/4.8.1/avr5\libgcc.a(_clear_bss.o)
 .text.libgcc.div
                0x00000000        0x0 c:/program files (x86)/atmel/atmel toolchain/avr8 gcc/native/3.4.1061/avr8-gnu-toolchain/bin/../lib/gcc/avr/4.8.1/avr5\libgcc.a(_clear_bss.o)
 .text.libgcc   0x00000000        0x0 c:/program files (x86)/atmel/atmel toolchain/avr8 gcc/native/3.4.1061/avr8-gnu-toolchain/bin/../lib/gcc/avr/4.8.1/avr5\libgcc.a(_clear_bss.o)
 .text.libgcc.prologue
                0x00000000        0x0 c:/program files (x86)/atmel/atmel toolchain/avr8 gcc/native/3.4.1061/avr8-gnu-toolchain/bin/../lib/gcc/avr/4.8.1/avr5\libgcc.a(_clear_bss.o)
 .text.libgcc.builtins
                0x00000000        0x0 c:/program files (x86)/atmel/atmel toolchain/avr8 gcc/native/3.4.1061/avr8-gnu-toolchain/bin/../lib/gcc/avr/4.8.1/avr5\libgcc.a(_clear_bss.o)
 .text.libgcc.fmul
                0x00000000        0x0 c:/program files (x86)/atmel/atmel toolchain/avr8 gcc/native/3.4.1061/avr8-gnu-toolchain/bin/../lib/gcc/avr/4.8.1/avr5\libgcc.a(_clear_bss.o)
 .text.libgcc.fixed
                0x00000000        0x0 c:/program files (x86)/atmel/atmel toolchain/avr8 gcc/native/3.4.1061/avr8-gnu-toolchain/bin/../lib/gcc/avr/4.8.1/avr5\libgcc.a(_clear_bss.o)
 .text          0x00000000        0x0 c:/program files (x86)/atmel/atmel toolchain/avr8 gcc/native/3.4.1061/avr8-gnu-toolchain/bin/../lib/gcc/avr/4.8.1/avr5\libgcc.a(_ashrdi3.o)
 .data          0x00000000        0x0 c:/program files (x86)/atmel/atmel toolchain/avr8 gcc/native/3.4.1061/avr8-gnu-toolchain/bin/../lib/gcc/avr/4.8.1/avr5\libgcc.a(_ashrdi3.o)
 .bss           0x00000000        0x0 c:/program files (x86)/atmel/atmel toolchain/avr8 gcc/native/3.4.1061/avr8-gnu-toolchain/bin/../lib/gcc/avr/4.8.1/avr5\libgcc.a(_ashrdi3.o)
 .text.libgcc.mul
                0x00000000        0x0 c:/program files (x86)/atmel/atmel toolchain/avr8 gcc/native/3.4.1061/avr8-gnu-toolchain/bin/../lib/gcc/avr/4.8.1/avr5\libgcc.a(_ashrdi3.o)
 .text.libgcc.div
                0x00000000        0x0 c:/program files (x86)/atmel/atmel toolchain/avr8 gcc/native/3.4.1061/avr8-gnu-toolchain/bin/../lib/gcc/avr/4.8.1/avr5\libgcc.a(_ashrdi3.o)
 .text.libgcc   0x00000000        0x0 c:/program files (x86)/atmel/atmel toolchain/avr8 gcc/native/3.4.1061/avr8-gnu-toolchain/bin/../lib/gcc/avr/4.8.1/avr5\libgcc.a(_ashrdi3.o)
 .text.libgcc.prologue
                0x00000000        0x0 c:/program files (x86)/atmel/atmel toolchain/avr8 gcc/native/3.4.1061/avr8-gnu-toolchain/bin/../lib/gcc/avr/4.8.1/avr5\libgcc.a(_ashrdi3.o)
 .text.libgcc.fmul
                0x00000000        0x0 c:/program files (x86)/atmel/atmel toolchain/avr8 gcc/native/3.4.1061/avr8-gnu-toolchain/bin/../lib/gcc/avr/4.8.1/avr5\libgcc.a(_ashrdi3.o)
 .text.libgcc.fixed
                0x00000000        0x0 c:/program files (x86)/atmel/atmel toolchain/avr8 gcc/native/3.4.1061/avr8-gnu-toolchain/bin/../lib/gcc/avr/4.8.1/avr5\libgcc.a(_ashrdi3.o)
 .text          0x00000000        0x0 c:/program files (x86)/atmel/atmel toolchain/avr8 gcc/native/3.4.1061/avr8-gnu-toolchain/bin/../lib/gcc/avr/4.8.1/avr5\libgcc.a(_udivmodhi4.o)
 .data          0x00000000        0x0 c:/program files (x86)/atmel/atmel toolchain/avr8 gcc/native/3.4.1061/avr8-gnu-toolchain/bin/../lib/gcc/avr/4.8.1/avr5\libgcc.a(_udivmodhi4.o)
 .bss           0x00000000        0x0 c:/program files (x86)/atmel/atmel toolchain/avr8 gcc/native/3.4.1061/avr8-gnu-toolchain/bin/../lib/gcc/avr/4.8.1/avr5\libgcc.a(_udivmodhi4.o)
 .text.libgcc.mul
                0x00000000        0x0 c:/program files (x86)/atmel/atmel toolchain/avr8 gcc/native/3.4.1061/avr8-gnu-toolchain/bin/../lib/gcc/avr/4.8.1/avr5\libgcc.a(_udivmodhi4.o)
 .text.libgcc   0x00000000        0x0 c:/program files (x86)/atmel/atmel toolchain/avr8 gcc/native/3.4.1061/avr8-gnu-toolchain/bin/../lib/gcc/avr/4.8.1/avr5\libgcc.a(_udivmodhi4.o)
 .text.libgcc.prologue
                0x00000000        0x0 c:/program files (x86)/atmel/atmel toolchain/avr8 gcc/native/3.4.1061/avr8-gnu-toolchain/bin/../lib/gcc/avr/4.8.1/avr5\libgcc.a(_udivmodhi4.o)
 .text.libgcc.builtins
                0x00000000        0x0 c:/program files (x86)/atmel/atmel toolchain/avr8 gcc/native/3.4.1061/avr8-gnu-toolchain/bin/../lib/gcc/avr/4.8.1/avr5\libgcc.a(_udivmodhi4.o)
 .text.libgcc.fmul
                0x00000000        0x0 c:/program files (x86)/atmel/atmel toolchain/avr8 gcc/native/3.4.1061/avr8-gnu-toolchain/bin/../lib/gcc/avr/4.8.1/avr5\libgcc.a(_udivmodhi4.o)
 .text.libgcc.fixed
                0x00000000        0x0 c:/program files (x86)/atmel/atmel toolchain/avr8 gcc/native/3.4.1061/avr8-gnu-toolchain/bin/../lib/gcc/avr/4.8.1/avr5\libgcc.a(_udivmodhi4.o)
 .text          0x00000000        0x0 c:/program files (x86)/atmel/atmel toolchain/avr8 gcc/native/3.4.1061/avr8-gnu-toolchain/bin/../lib/gcc/avr/4.8.1/../../../../avr/lib/avr5\libc.a(iob.o)
 .data          0x00000000        0x0 c:/program files (x86)/atmel/atmel toolchain/avr8 gcc/native/3.4.1061/avr8-gnu-toolchain/bin/../lib/gcc/avr/4.8.1/../../../../avr/lib/avr5\libc.a(iob.o)
 .bss           0x00000000        0x0 c:/program files (x86)/atmel/atmel toolchain/avr8 gcc/native/3.4.1061/avr8-gnu-toolchain/bin/../lib/gcc/avr/4.8.1/../../../../avr/lib/avr5\libc.a(iob.o)
 .text          0x00000000        0x0 c:/program files (x86)/atmel/atmel toolchain/avr8 gcc/native/3.4.1061/avr8-gnu-toolchain/bin/../lib/gcc/avr/4.8.1/../../../../avr/lib/avr5\libc.a(printf.o)
 .data          0x00000000        0x0 c:/program files (x86)/atmel/atmel toolchain/avr8 gcc/native/3.4.1061/avr8-gnu-toolchain/bin/../lib/gcc/avr/4.8.1/../../../../avr/lib/avr5\libc.a(printf.o)
 .bss           0x00000000        0x0 c:/program files (x86)/atmel/atmel toolchain/avr8 gcc/native/3.4.1061/avr8-gnu-toolchain/bin/../lib/gcc/avr/4.8.1/../../../../avr/lib/avr5\libc.a(printf.o)
 .text          0x00000000        0x0 c:/program files (x86)/atmel/atmel toolchain/avr8 gcc/native/3.4.1061/avr8-gnu-toolchain/bin/../lib/gcc/avr/4.8.1/../../../../avr/lib/avr5\libc.a(vfprintf_std.o)
 .data          0x00000000        0x0 c:/program files (x86)/atmel/atmel toolchain/avr8 gcc/native/3.4.1061/avr8-gnu-toolchain/bin/../lib/gcc/avr/4.8.1/../../../../avr/lib/avr5\libc.a(vfprintf_std.o)
 .bss           0x00000000        0x0 c:/program files (x86)/atmel/atmel toolchain/avr8 gcc/native/3.4.1061/avr8-gnu-toolchain/bin/../lib/gcc/avr/4.8.1/../../../../avr/lib/avr5\libc.a(vfprintf_std.o)
 .text          0x00000000        0x0 c:/program files (x86)/atmel/atmel toolchain/avr8 gcc/native/3.4.1061/avr8-gnu-toolchain/bin/../lib/gcc/avr/4.8.1/../../../../avr/lib/avr5\libc.a(strnlen_P.o)
 .data          0x00000000        0x0 c:/program files (x86)/atmel/atmel toolchain/avr8 gcc/native/3.4.1061/avr8-gnu-toolchain/bin/../lib/gcc/avr/4.8.1/../../../../avr/lib/avr5\libc.a(strnlen_P.o)
 .bss           0x00000000        0x0 c:/program files (x86)/atmel/atmel toolchain/avr8 gcc/native/3.4.1061/avr8-gnu-toolchain/bin/../lib/gcc/avr/4.8.1/../../../../avr/lib/avr5\libc.a(strnlen_P.o)
 .text          0x00000000        0x0 c:/program files (x86)/atmel/atmel toolchain/avr8 gcc/native/3.4.1061/avr8-gnu-toolchain/bin/../lib/gcc/avr/4.8.1/../../../../avr/lib/avr5\libc.a(strnlen.o)
 .data          0x00000000        0x0 c:/program files (x86)/atmel/atmel toolchain/avr8 gcc/native/3.4.1061/avr8-gnu-toolchain/bin/../lib/gcc/avr/4.8.1/../../../../avr/lib/avr5\libc.a(strnlen.o)
 .bss           0x00000000        0x0 c:/program files (x86)/atmel/atmel toolchain/avr8 gcc/native/3.4.1061/avr8-gnu-toolchain/bin/../lib/gcc/avr/4.8.1/../../../../avr/lib/avr5\libc.a(strnlen.o)
 .text          0x00000000        0x0 c:/program files (x86)/atmel/atmel toolchain/avr8 gcc/native/3.4.1061/avr8-gnu-toolchain/bin/../lib/gcc/avr/4.8.1/../../../../avr/lib/avr5\libc.a(fputc.o)
 .data          0x00000000        0x0 c:/program files (x86)/atmel/atmel toolchain/avr8 gcc/native/3.4.1061/avr8-gnu-toolchain/bin/../lib/gcc/avr/4.8.1/../../../../avr/lib/avr5\libc.a(fputc.o)
 .bss           0x00000000        0x0 c:/program files (x86)/atmel/atmel toolchain/avr8 gcc/native/3.4.1061/avr8-gnu-toolchain/bin/../lib/gcc/avr/4.8.1/../../../../avr/lib/avr5\libc.a(fputc.o)
 .text          0x00000000        0x0 c:/program files (x86)/atmel/atmel toolchain/avr8 gcc/native/3.4.1061/avr8-gnu-toolchain/bin/../lib/gcc/avr/4.8.1/../../../../avr/lib/avr5\libc.a(ultoa_invert.o)
 .data          0x00000000        0x0 c:/program files (x86)/atmel/atmel toolchain/avr8 gcc/native/3.4.1061/avr8-gnu-toolchain/bin/../lib/gcc/avr/4.8.1/../../../../avr/lib/avr5\libc.a(ultoa_invert.o)
 .bss           0x00000000        0x0 c:/program files (x86)/atmel/atmel toolchain/avr8 gcc/native/3.4.1061/avr8-gnu-toolchain/bin/../lib/gcc/avr/4.8.1/../../../../avr/lib/avr5\libc.a(ultoa_invert.o)
 .text          0x00000000        0x0 c:/program files (x86)/atmel/atmel toolchain/avr8 gcc/native/3.4.1061/avr8-gnu-toolchain/bin/../lib/gcc/avr/4.8.1/avr5\libgcc.a(_prologue.o)
 .data          0x00000000        0x0 c:/program files (x86)/atmel/atmel toolchain/avr8 gcc/native/3.4.1061/avr8-gnu-toolchain/bin/../lib/gcc/avr/4.8.1/avr5\libgcc.a(_prologue.o)
 .bss           0x00000000        0x0 c:/program files (x86)/atmel/atmel toolchain/avr8 gcc/native/3.4.1061/avr8-gnu-toolchain/bin/../lib/gcc/avr/4.8.1/avr5\libgcc.a(_prologue.o)
 .text.libgcc.mul
                0x00000000        0x0 c:/program files (x86)/atmel/atmel toolchain/avr8 gcc/native/3.4.1061/avr8-gnu-toolchain/bin/../lib/gcc/avr/4.8.1/avr5\libgcc.a(_prologue.o)
 .text.libgcc.div
                0x00000000        0x0 c:/program files (x86)/atmel/atmel toolchain/avr8 gcc/native/3.4.1061/avr8-gnu-toolchain/bin/../lib/gcc/avr/4.8.1/avr5\libgcc.a(_prologue.o)
 .text.libgcc   0x00000000        0x0 c:/program files (x86)/atmel/atmel toolchain/avr8 gcc/native/3.4.1061/avr8-gnu-toolchain/bin/../lib/gcc/avr/4.8.1/avr5\libgcc.a(_prologue.o)
 .text.libgcc.builtins
                0x00000000        0x0 c:/program files (x86)/atmel/atmel toolchain/avr8 gcc/native/3.4.1061/avr8-gnu-toolchain/bin/../lib/gcc/avr/4.8.1/avr5\libgcc.a(_prologue.o)
 .text.libgcc.fmul
                0x00000000        0x0 c:/program files (x86)/atmel/atmel toolchain/avr8 gcc/native/3.4.1061/avr8-gnu-toolchain/bin/../lib/gcc/avr/4.8.1/avr5\libgcc.a(_prologue.o)
 .text.libgcc.fixed
                0x00000000        0x0 c:/program files (x86)/atmel/atmel toolchain/avr8 gcc/native/3.4.1061/avr8-gnu-toolchain/bin/../lib/gcc/avr/4.8.1/avr5\libgcc.a(_prologue.o)
 .text          0x00000000        0x0 c:/program files (x86)/atmel/atmel toolchain/avr8 gcc/native/3.4.1061/avr8-gnu-toolchain/bin/../lib/gcc/avr/4.8.1/avr5\libgcc.a(_epilogue.o)
 .data          0x00000000        0x0 c:/program files (x86)/atmel/atmel toolchain/avr8 gcc/native/3.4.1061/avr8-gnu-toolchain/bin/../lib/gcc/avr/4.8.1/avr5\libgcc.a(_epilogue.o)
 .bss           0x00000000        0x0 c:/program files (x86)/atmel/atmel toolchain/avr8 gcc/native/3.4.1061/avr8-gnu-toolchain/bin/../lib/gcc/avr/4.8.1/avr5\libgcc.a(_epilogue.o)
 .text.libgcc.mul
                0x00000000        0x0 c:/program files (x86)/atmel/atmel toolchain/avr8 gcc/native/3.4.1061/avr8-gnu-toolchain/bin/../lib/gcc/avr/4.8.1/avr5\libgcc.a(_epilogue.o)
 .text.libgcc.div
                0x00000000        0x0 c:/program files (x86)/atmel/atmel toolchain/avr8 gcc/native/3.4.1061/avr8-gnu-toolchain/bin/../lib/gcc/avr/4.8.1/avr5\libgcc.a(_epilogue.o)
 .text.libgcc   0x00000000        0x0 c:/program files (x86)/atmel/atmel toolchain/avr8 gcc/native/3.4.1061/avr8-gnu-toolchain/bin/../lib/gcc/avr/4.8.1/avr5\libgcc.a(_epilogue.o)
 .text.libgcc.builtins
                0x00000000        0x0 c:/program files (x86)/atmel/atmel toolchain/avr8 gcc/native/3.4.1061/avr8-gnu-toolchain/bin/../lib/gcc/avr/4.8.1/avr5\libgcc.a(_epilogue.o)
 .text.libgcc.fmul
                0x00000000        0x0 c:/program files (x86)/atmel/atmel toolchain/avr8 gcc/native/3.4.1061/avr8-gnu-toolchain/bin/../lib/gcc/avr/4.8.1/avr5\libgcc.a(_epilogue.o)
 .text.libgcc.fixed
                0x00000000        0x0 c:/program files (x86)/atmel/atmel toolchain/avr8 gcc/native/3.4.1061/avr8-gnu-toolchain/bin/../lib/gcc/avr/4.8.1/avr5\libgcc.a(_epilogue.o)

Memory Configuration

Name             Origin             Length             Attributes
text             0x00000000         0x00020000         xr
data             0x00800060         0x0000ffa0         rw !x
eeprom           0x00810000         0x00010000         rw !x
fuse             0x00820000         0x00000400         rw !x
lock             0x00830000         0x00000400         rw !x
signature        0x00840000         0x00000400         rw !x
user_signatures  0x00850000         0x00000400         rw !x
*default*        0x00000000         0xffffffff

Linker script and memory map

Address of section .data set to 0x800100
LOAD c:/program files (x86)/atmel/atmel toolchain/avr8 gcc/native/3.4.1061/avr8-gnu-toolchain/bin/../lib/gcc/avr/4.8.1/../../../../avr/lib/avr5/crtm328p.o
LOAD atmega328.o
LOAD ds1307.o
LOAD RTC Serial.o
LOAD twimaster.o
START GROUP
LOAD c:/program files (x86)/atmel/atmel toolchain/avr8 gcc/native/3.4.1061/avr8-gnu-toolchain/bin/../lib/gcc/avr/4.8.1/../../../../avr/lib/avr5\libm.a
END GROUP
START GROUP
LOAD c:/program files (x86)/atmel/atmel toolchain/avr8 gcc/native/3.4.1061/avr8-gnu-toolchain/bin/../lib/gcc/avr/4.8.1/avr5\libgcc.a
LOAD c:/program files (x86)/atmel/atmel toolchain/avr8 gcc/native/3.4.1061/avr8-gnu-toolchain/bin/../lib/gcc/avr/4.8.1/../../../../avr/lib/avr5\libm.a
LOAD c:/program files (x86)/atmel/atmel toolchain/avr8 gcc/native/3.4.1061/avr8-gnu-toolchain/bin/../lib/gcc/avr/4.8.1/../../../../avr/lib/avr5\libc.a
END GROUP

.hash
 *(.hash)

.dynsym
 *(.dynsym)

.dynstr
 *(.dynstr)

.gnu.version
 *(.gnu.version)

.gnu.version_d
 *(.gnu.version_d)

.gnu.version_r
 *(.gnu.version_r)

.rel.init
 *(.rel.init)

.rela.init
 *(.rela.init)

.rel.text
 *(.rel.text)
 *(.rel.text.*)
 *(.rel.gnu.linkonce.t*)

.rela.text
 *(.rela.text)
 *(.rela.text.*)
 *(.rela.gnu.linkonce.t*)

.rel.fini
 *(.rel.fini)

.rela.fini
 *(.rela.fini)

.rel.rodata
 *(.rel.rodata)
 *(.rel.rodata.*)
 *(.rel.gnu.linkonce.r*)

.rela.rodata
 *(.rela.rodata)
 *(.rela.rodata.*)
 *(.rela.gnu.linkonce.r*)

.rel.data
 *(.rel.data)
 *(.rel.data.*)
 *(.rel.gnu.linkonce.d*)

.rela.data
 *(.rela.data)
 *(.rela.data.*)
 *(.rela.gnu.linkonce.d*)

.rel.ctors
 *(.rel.ctors)

.rela.ctors
 *(.rela.ctors)

.rel.dtors
 *(.rel.dtors)

.rela.dtors
 *(.rela.dtors)

.rel.got
 *(.rel.got)

.rela.got
 *(.rela.got)

.rel.bss
 *(.rel.bss)

.rela.bss
 *(.rela.bss)

.rel.plt
 *(.rel.plt)

.rela.plt
 *(.rela.plt)

.text           0x00000000     0x1418
 *(.vectors)
 .vectors       0x00000000       0x68 c:/program files (x86)/atmel/atmel toolchain/avr8 gcc/native/3.4.1061/avr8-gnu-toolchain/bin/../lib/gcc/avr/4.8.1/../../../../avr/lib/avr5/crtm328p.o
                0x00000000                __vector_default
                0x00000000                __vectors
 *(.vectors)
 *(.progmem.gcc*)
 .progmem.gcc_sw_table.__vector_24
                0x00000068       0xa2 twimaster.o
                0x0000010a                . = ALIGN (0x2)
                0x0000010a                __trampolines_start = .
 *(.trampolines)
 .trampolines   0x0000010a        0x0 linker stubs
 *(.trampolines*)
                0x0000010a                __trampolines_end = .
 *(.progmem*)
                0x0000010a                . = ALIGN (0x2)
 *(.jumptables)
 *(.jumptables*)
 *(.lowtext)
 *(.lowtext*)
                0x0000010a                __ctors_start = .
 *(.ctors)
                0x0000010a                __ctors_end = .
                0x0000010a                __dtors_start = .
 *(.dtors)
                0x0000010a                __dtors_end = .
 SORT(*)(.ctors)
 SORT(*)(.dtors)
 *(.init0)
 .init0         0x0000010a        0x0 c:/program files (x86)/atmel/atmel toolchain/avr8 gcc/native/3.4.1061/avr8-gnu-toolchain/bin/../lib/gcc/avr/4.8.1/../../../../avr/lib/avr5/crtm328p.o
                0x0000010a                __init
 *(.init0)
 *(.init1)
 *(.init1)
 *(.init2)
 .init2         0x0000010a        0xc c:/program files (x86)/atmel/atmel toolchain/avr8 gcc/native/3.4.1061/avr8-gnu-toolchain/bin/../lib/gcc/avr/4.8.1/../../../../avr/lib/avr5/crtm328p.o
 *(.init2)
 *(.init3)
 *(.init3)
 *(.init4)
 .init4         0x00000116       0x16 c:/program files (x86)/atmel/atmel toolchain/avr8 gcc/native/3.4.1061/avr8-gnu-toolchain/bin/../lib/gcc/avr/4.8.1/avr5\libgcc.a(_copy_data.o)
                0x00000116                __do_copy_data
 .init4         0x0000012c       0x10 c:/program files (x86)/atmel/atmel toolchain/avr8 gcc/native/3.4.1061/avr8-gnu-toolchain/bin/../lib/gcc/avr/4.8.1/avr5\libgcc.a(_clear_bss.o)
                0x0000012c                __do_clear_bss
 *(.init4)
 *(.init5)
 *(.init5)
 *(.init6)
 *(.init6)
 *(.init7)
 *(.init7)
 *(.init8)
 *(.init8)
 *(.init9)
 .init9         0x0000013c        0x8 c:/program files (x86)/atmel/atmel toolchain/avr8 gcc/native/3.4.1061/avr8-gnu-toolchain/bin/../lib/gcc/avr/4.8.1/../../../../avr/lib/avr5/crtm328p.o
 *(.init9)
 *(.text)
 .text          0x00000144        0x4 c:/program files (x86)/atmel/atmel toolchain/avr8 gcc/native/3.4.1061/avr8-gnu-toolchain/bin/../lib/gcc/avr/4.8.1/../../../../avr/lib/avr5/crtm328p.o
                0x00000144                __vector_22
                0x00000144                __vector_12
                0x00000144                __bad_interrupt
                0x00000144                __vector_6
                0x00000144                __vector_3
                0x00000144                __vector_23
                0x00000144                __vector_25
                0x00000144                __vector_11
                0x00000144                __vector_13
                0x00000144                __vector_17
                0x00000144                __vector_19
                0x00000144                __vector_7
                0x00000144                __vector_5
                0x00000144                __vector_4
                0x00000144                __vector_9
                0x00000144                __vector_2
                0x00000144                __vector_21
                0x00000144                __vector_15
                0x00000144                __vector_8
                0x00000144                __vector_14
                0x00000144                __vector_10
                0x00000144                __vector_16
                0x00000144                __vector_18
                0x00000144                __vector_20
                0x00000148                . = ALIGN (0x2)
 *(.text.*)
 .text.usartReceiveStd
                0x00000148       0x12 atmega328.o
                0x00000148                usartReceiveStd
 .text.int0Config
                0x0000015a       0x72 atmega328.o
                0x0000015a                int0Config
 .text.int0ActivateInterrupt
                0x000001cc        0x4 atmega328.o
                0x000001cc                int0ActivateInterrupt
 .text.usartConfig
                0x000001d0      0x15c atmega328.o
                0x000001d0                usartConfig
 .text.usartEnableReceiver
                0x0000032c        0xe atmega328.o
                0x0000032c                usartEnableReceiver
 .text.usartEnableTransmitter
                0x0000033a        0xe atmega328.o
                0x0000033a                usartEnableTransmitter
 .text.usartActivateReceptionCompleteInterrupt
                0x00000348        0xe atmega328.o
                0x00000348                usartActivateReceptionCompleteInterrupt
 .text.usartStdio
                0x00000356       0x20 atmega328.o
                0x00000356                usartStdio
 .text.usartIsBufferEmpty
                0x00000376        0xc atmega328.o
                0x00000376                usartIsBufferEmpty
 .text.usartTransmitStd
                0x00000382       0x16 atmega328.o
                0x00000382                usartTransmitStd
 .text.ds1307GetTime
                0x00000398      0x194 ds1307.o
                0x00000398                ds1307GetTime
 .text.ds1307GetData
                0x0000052c      0x1ee ds1307.o
                0x0000052c                ds1307GetData
 .text.ds1307SetControl
                0x0000071a      0x2cc ds1307.o
                0x0000071a                ds1307SetControl
 .text.main     0x000009e6       0xb2 RTC Serial.o
                0x000009e6                main
 .text.__vector_1
                0x00000a98       0x22 RTC Serial.o
                0x00000a98                __vector_1
 .text.twiMasterInit
                0x00000aba      0x11a twimaster.o
                0x00000aba                twiMasterInit
 .text.twiMasterIsBusy
                0x00000bd4        0x8 twimaster.o
                0x00000bd4                twiMasterIsBusy
 .text.twiMasterReadFromBuffer
                0x00000bdc       0x4a twimaster.o
                0x00000bdc                twiMasterReadFromBuffer
 .text.twiMasterSendData
                0x00000c26       0x8a twimaster.o
                0x00000c26                twiMasterSendData
 .text.__vector_24
                0x00000cb0      0x102 twimaster.o
                0x00000cb0                __vector_24
 .text.libgcc.div
                0x00000db2       0x28 c:/program files (x86)/atmel/atmel toolchain/avr8 gcc/native/3.4.1061/avr8-gnu-toolchain/bin/../lib/gcc/avr/4.8.1/avr5\libgcc.a(_divmodhi4.o)
                0x00000db2                _div
                0x00000db2                __divmodhi4
 .text.libgcc.div
                0x00000dda       0x44 c:/program files (x86)/atmel/atmel toolchain/avr8 gcc/native/3.4.1061/avr8-gnu-toolchain/bin/../lib/gcc/avr/4.8.1/avr5\libgcc.a(_udivmodsi4.o)
                0x00000dda                __udivmodsi4
 .text.libgcc   0x00000e1e        0xc c:/program files (x86)/atmel/atmel toolchain/avr8 gcc/native/3.4.1061/avr8-gnu-toolchain/bin/../lib/gcc/avr/4.8.1/avr5\libgcc.a(_tablejump.o)
                0x00000e1e                __tablejump2__
                0x00000e22                __tablejump__
 .text.libgcc.builtins
                0x00000e2a       0x3c c:/program files (x86)/atmel/atmel toolchain/avr8 gcc/native/3.4.1061/avr8-gnu-toolchain/bin/../lib/gcc/avr/4.8.1/avr5\libgcc.a(_ashrdi3.o)
                0x00000e2a                __ashrdi3
                0x00000e2e                __lshrdi3
 .text.libgcc.div
                0x00000e66       0x28 c:/program files (x86)/atmel/atmel toolchain/avr8 gcc/native/3.4.1061/avr8-gnu-toolchain/bin/../lib/gcc/avr/4.8.1/avr5\libgcc.a(_udivmodhi4.o)
                0x00000e66                __udivmodhi4
 .text.avr-libc
                0x00000e8e       0x28 c:/program files (x86)/atmel/atmel toolchain/avr8 gcc/native/3.4.1061/avr8-gnu-toolchain/bin/../lib/gcc/avr/4.8.1/../../../../avr/lib/avr5\libc.a(printf.o)
                0x00000e8e                printf
 .text.avr-libc
                0x00000eb6      0x3a4 c:/program files (x86)/atmel/atmel toolchain/avr8 gcc/native/3.4.1061/avr8-gnu-toolchain/bin/../lib/gcc/avr/4.8.1/../../../../avr/lib/avr5\libc.a(vfprintf_std.o)
                0x00000eb6                vfprintf
 .text.avr-libc
                0x0000125a       0x16 c:/program files (x86)/atmel/atmel toolchain/avr8 gcc/native/3.4.1061/avr8-gnu-toolchain/bin/../lib/gcc/avr/4.8.1/../../../../avr/lib/avr5\libc.a(strnlen_P.o)
                0x0000125a                strnlen_P
 .text.avr-libc
                0x00001270       0x16 c:/program files (x86)/atmel/atmel toolchain/avr8 gcc/native/3.4.1061/avr8-gnu-toolchain/bin/../lib/gcc/avr/4.8.1/../../../../avr/lib/avr5\libc.a(strnlen.o)
                0x00001270                strnlen
 .text.avr-libc
                0x00001286       0x64 c:/program files (x86)/atmel/atmel toolchain/avr8 gcc/native/3.4.1061/avr8-gnu-toolchain/bin/../lib/gcc/avr/4.8.1/../../../../avr/lib/avr5\libc.a(fputc.o)
                0x00001286                fputc
 .text.avr-libc
                0x000012ea       0xbc c:/program files (x86)/atmel/atmel toolchain/avr8 gcc/native/3.4.1061/avr8-gnu-toolchain/bin/../lib/gcc/avr/4.8.1/../../../../avr/lib/avr5\libc.a(ultoa_invert.o)
                0x000012ea                __ultoa_invert
 .text.libgcc.prologue
                0x000013a6       0x38 c:/program files (x86)/atmel/atmel toolchain/avr8 gcc/native/3.4.1061/avr8-gnu-toolchain/bin/../lib/gcc/avr/4.8.1/avr5\libgcc.a(_prologue.o)
                0x000013a6                __prologue_saves__
 .text.libgcc.prologue
                0x000013de       0x36 c:/program files (x86)/atmel/atmel toolchain/avr8 gcc/native/3.4.1061/avr8-gnu-toolchain/bin/../lib/gcc/avr/4.8.1/avr5\libgcc.a(_epilogue.o)
                0x000013de                __epilogue_restores__
                0x00001414                . = ALIGN (0x2)
 *(.fini9)
 .fini9         0x00001414        0x0 c:/program files (x86)/atmel/atmel toolchain/avr8 gcc/native/3.4.1061/avr8-gnu-toolchain/bin/../lib/gcc/avr/4.8.1/avr5\libgcc.a(_exit.o)
                0x00001414                _exit
                0x00001414                exit
 *(.fini9)
 *(.fini8)
 *(.fini8)
 *(.fini7)
 *(.fini7)
 *(.fini6)
 *(.fini6)
 *(.fini5)
 *(.fini5)
 *(.fini4)
 *(.fini4)
 *(.fini3)
 *(.fini3)
 *(.fini2)
 *(.fini2)
 *(.fini1)
 *(.fini1)
 *(.fini0)
 .fini0         0x00001414        0x4 c:/program files (x86)/atmel/atmel toolchain/avr8 gcc/native/3.4.1061/avr8-gnu-toolchain/bin/../lib/gcc/avr/4.8.1/avr5\libgcc.a(_exit.o)
 *(.fini0)
                0x00001418                _etext = .

.data           0x00800100       0x1e load address 0x00001418
                0x00800100                PROVIDE (__data_start, .)
 *(.data)
 *(.data*)
 .data.usartStream
                0x00800100        0xe atmega328.o
                0x00800100                usartStream
 .data.ds1307Configuration
                0x0080010e        0x6 ds1307.o
                0x0080010e                ds1307Configuration
 .data.twiState
                0x00800114        0x1 twimaster.o
 *(.rodata)
 *(.rodata*)
 .rodata.str1.1
                0x00800115        0x8 RTC Serial.o
 *(.gnu.linkonce.d*)
                0x0080011e                . = ALIGN (0x2)
 *fill*         0x0080011d        0x1 
                0x0080011e                _edata = .
                0x0080011e                PROVIDE (__data_end, .)

.bss            0x0080011e       0x14
                0x0080011e                PROVIDE (__bss_start, .)
 *(.bss)
 *(.bss*)
 .bss.twiBufferPointer.2095
                0x0080011e        0x1 twimaster.o
 .bss.twiStatus
                0x0080011f        0x1 twimaster.o
                0x0080011f                twiStatus
 .bss.twiBufferSize
                0x00800120        0x1 twimaster.o
 .bss.twiBufferData
                0x00800121        0xa twimaster.o
 *(COMMON)
 COMMON         0x0080012b        0x1 RTC Serial.o
                0x0080012b                systemFlags
 COMMON         0x0080012c        0x6 c:/program files (x86)/atmel/atmel toolchain/avr8 gcc/native/3.4.1061/avr8-gnu-toolchain/bin/../lib/gcc/avr/4.8.1/../../../../avr/lib/avr5\libc.a(iob.o)
                0x0080012c                __iob
                0x00800132                PROVIDE (__bss_end, .)
                0x00001418                __data_load_start = LOADADDR (.data)
                0x00001436                __data_load_end = (__data_load_start + SIZEOF (.data))

.noinit         0x00800132        0x0
                0x00800132                PROVIDE (__noinit_start, .)
 *(.noinit*)
                0x00800132                PROVIDE (__noinit_end, .)
                0x00800132                _end = .
                0x00800132                PROVIDE (__heap_start, .)

.eeprom         0x00810000        0x0
 *(.eeprom*)
                0x00810000                __eeprom_end = .

.fuse
 *(.fuse)
 *(.lfuse)
 *(.hfuse)
 *(.efuse)

.lock
 *(.lock*)

.signature
 *(.signature*)

.user_signatures
 *(.user_signatures*)

.stab
 *(.stab)

.stabstr
 *(.stabstr)

.stab.excl
 *(.stab.excl)

.stab.exclstr
 *(.stab.exclstr)

.stab.index
 *(.stab.index)

.stab.indexstr
 *(.stab.indexstr)

.comment        0x00000000       0x5c
 *(.comment)
 .comment       0x00000000       0x30 atmega328.o
                                 0x31 (size before relaxing)
 .comment       0x00000000       0x31 ds1307.o
 .comment       0x00000000       0x31 RTC Serial.o
 .comment       0x00000000       0x31 twimaster.o
 .comment       0x00000000       0x31 c:/program files (x86)/atmel/atmel toolchain/avr8 gcc/native/3.4.1061/avr8-gnu-toolchain/bin/../lib/gcc/avr/4.8.1/../../../../avr/lib/avr5\libc.a(iob.o)
 .comment       0x00000000       0x31 c:/program files (x86)/atmel/atmel toolchain/avr8 gcc/native/3.4.1061/avr8-gnu-toolchain/bin/../lib/gcc/avr/4.8.1/../../../../avr/lib/avr5\libc.a(printf.o)
 .comment       0x00000030       0x2c c:/program files (x86)/atmel/atmel toolchain/avr8 gcc/native/3.4.1061/avr8-gnu-toolchain/bin/../lib/gcc/avr/4.8.1/../../../../avr/lib/avr5\libc.a(vfprintf_std.o)
                                 0x2d (size before relaxing)
 .comment       0x00000000       0x31 c:/program files (x86)/atmel/atmel toolchain/avr8 gcc/native/3.4.1061/avr8-gnu-toolchain/bin/../lib/gcc/avr/4.8.1/../../../../avr/lib/avr5\libc.a(fputc.o)

.note.gnu.build-id
 *(.note.gnu.build-id)

.debug
 *(.debug)

.line
 *(.line)

.debug_srcinfo
 *(.debug_srcinfo)

.debug_sfnames
 *(.debug_sfnames)

.debug_aranges  0x00000000      0x688
 *(.debug_aranges)
 .debug_aranges
                0x00000000      0x5b0 atmega328.o
 .debug_aranges
                0x000005b0       0x58 ds1307.o
 .debug_aranges
                0x00000608       0x28 RTC Serial.o
 .debug_aranges
                0x00000630       0x58 twimaster.o

.debug_pubnames
 *(.debug_pubnames)

.debug_info     0x00000000     0x384d
 *(.debug_info .gnu.linkonce.wi.*)
 .debug_info    0x00000000     0x2422 atmega328.o
 .debug_info    0x00002422      0x8ef ds1307.o
 .debug_info    0x00002d11      0x6d4 RTC Serial.o
 .debug_info    0x000033e5      0x468 twimaster.o

.debug_abbrev   0x00000000      0x874
 *(.debug_abbrev)
 .debug_abbrev  0x00000000      0x388 atmega328.o
 .debug_abbrev  0x00000388      0x191 ds1307.o
 .debug_abbrev  0x00000519      0x1c8 RTC Serial.o
 .debug_abbrev  0x000006e1      0x193 twimaster.o

.debug_line     0x00000000     0x14d0
 *(.debug_line .debug_line.* .debug_line_end)
 .debug_line    0x00000000     0x1072 atmega328.o
 .debug_line    0x00001072      0x185 ds1307.o
 .debug_line    0x000011f7      0x10e RTC Serial.o
 .debug_line    0x00001305      0x1cb twimaster.o

.debug_frame    0x00000000      0xeb4
 *(.debug_frame)
 .debug_frame   0x00000000      0xbb8 atmega328.o
 .debug_frame   0x00000bb8      0x1ac ds1307.o
 .debug_frame   0x00000d64       0x54 RTC Serial.o
 .debug_frame   0x00000db8       0xfc twimaster.o

.debug_str      0x00000000     0x2a68
 *(.debug_str)
 .debug_str     0x00000000     0x234f atmega328.o
                               0x2403 (size before relaxing)
 .debug_str     0x0000234f      0x372 ds1307.o
                                0x4d4 (size before relaxing)
 .debug_str     0x000026c1       0x89 RTC Serial.o
                                0x932 (size before relaxing)
 .debug_str     0x0000274a      0x31e twimaster.o
                                0x4fc (size before relaxing)

.debug_loc      0x00000000     0x22ea
 *(.debug_loc)
 .debug_loc     0x00000000     0x15e9 atmega328.o
 .debug_loc     0x000015e9      0x7ad ds1307.o
 .debug_loc     0x00001d96       0x84 RTC Serial.o
 .debug_loc     0x00001e1a      0x4d0 twimaster.o

.debug_macinfo
 *(.debug_macinfo)

.debug_weaknames
 *(.debug_weaknames)

.debug_funcnames
 *(.debug_funcnames)

.debug_typenames
 *(.debug_typenames)

.debug_varnames
 *(.debug_varnames)

.debug_pubtypes
 *(.debug_pubtypes)

.debug_ranges   0x00000000      0x668
 *(.debug_ranges)
 .debug_ranges  0x00000000      0x5c0 atmega328.o
 .debug_ranges  0x000005c0       0x48 ds1307.o
 .debug_ranges  0x00000608       0x18 RTC Serial.o
 .debug_ranges  0x00000620       0x48 twimaster.o

.debug_macro
 *(.debug_macro)
OUTPUT(RTC Serial.elf elf32-avr)
LOAD linker stubs
