Archive member included because of file (symbol)

c:/program files (x86)/atmel/atmel toolchain/avr8 gcc/native/3.4.1061/avr8-gnu-toolchain/bin/../lib/gcc/avr/4.8.1/avr5\libgcc.a(_udivmodsi4.o)
                              ATmega328.o (__udivmodsi4)
c:/program files (x86)/atmel/atmel toolchain/avr8 gcc/native/3.4.1061/avr8-gnu-toolchain/bin/../lib/gcc/avr/4.8.1/avr5\libgcc.a(_exit.o)
                              c:/program files (x86)/atmel/atmel toolchain/avr8 gcc/native/3.4.1061/avr8-gnu-toolchain/bin/../lib/gcc/avr/4.8.1/../../../../avr/lib/avr5/crtm328p.o (exit)
c:/program files (x86)/atmel/atmel toolchain/avr8 gcc/native/3.4.1061/avr8-gnu-toolchain/bin/../lib/gcc/avr/4.8.1/avr5\libgcc.a(_tablejump.o)
                              ATmega328.o (__tablejump2__)
c:/program files (x86)/atmel/atmel toolchain/avr8 gcc/native/3.4.1061/avr8-gnu-toolchain/bin/../lib/gcc/avr/4.8.1/avr5\libgcc.a(_copy_data.o)
                              ATmega328.o (__do_copy_data)
c:/program files (x86)/atmel/atmel toolchain/avr8 gcc/native/3.4.1061/avr8-gnu-toolchain/bin/../lib/gcc/avr/4.8.1/avr5\libgcc.a(_clear_bss.o)
                              ATmega328.o (__do_clear_bss)
c:/program files (x86)/atmel/atmel toolchain/avr8 gcc/native/3.4.1061/avr8-gnu-toolchain/bin/../lib/gcc/avr/4.8.1/avr5\libgcc.a(_muluhisi3.o)
                              ff.o (__muluhisi3)
c:/program files (x86)/atmel/atmel toolchain/avr8 gcc/native/3.4.1061/avr8-gnu-toolchain/bin/../lib/gcc/avr/4.8.1/avr5\libgcc.a(_ashrdi3.o)
                              ATmega328.o (__lshrdi3)
c:/program files (x86)/atmel/atmel toolchain/avr8 gcc/native/3.4.1061/avr8-gnu-toolchain/bin/../lib/gcc/avr/4.8.1/avr5\libgcc.a(_umulhisi3.o)
                              c:/program files (x86)/atmel/atmel toolchain/avr8 gcc/native/3.4.1061/avr8-gnu-toolchain/bin/../lib/gcc/avr/4.8.1/avr5\libgcc.a(_muluhisi3.o) (__umulhisi3)
c:/program files (x86)/atmel/atmel toolchain/avr8 gcc/native/3.4.1061/avr8-gnu-toolchain/bin/../lib/gcc/avr/4.8.1/../../../../avr/lib/avr5\libc.a(iob.o)
                              ATmega328.o (__iob)
c:/program files (x86)/atmel/atmel toolchain/avr8 gcc/native/3.4.1061/avr8-gnu-toolchain/bin/../lib/gcc/avr/4.8.1/../../../../avr/lib/avr5\libc.a(printf.o)
                              sdExample.o (printf)
c:/program files (x86)/atmel/atmel toolchain/avr8 gcc/native/3.4.1061/avr8-gnu-toolchain/bin/../lib/gcc/avr/4.8.1/../../../../avr/lib/avr5\libc.a(vfprintf_std.o)
                              c:/program files (x86)/atmel/atmel toolchain/avr8 gcc/native/3.4.1061/avr8-gnu-toolchain/bin/../lib/gcc/avr/4.8.1/../../../../avr/lib/avr5\libc.a(printf.o) (vfprintf)
c:/program files (x86)/atmel/atmel toolchain/avr8 gcc/native/3.4.1061/avr8-gnu-toolchain/bin/../lib/gcc/avr/4.8.1/../../../../avr/lib/avr5\libc.a(strnlen_P.o)
                              c:/program files (x86)/atmel/atmel toolchain/avr8 gcc/native/3.4.1061/avr8-gnu-toolchain/bin/../lib/gcc/avr/4.8.1/../../../../avr/lib/avr5\libc.a(vfprintf_std.o) (strnlen_P)
c:/program files (x86)/atmel/atmel toolchain/avr8 gcc/native/3.4.1061/avr8-gnu-toolchain/bin/../lib/gcc/avr/4.8.1/../../../../avr/lib/avr5\libc.a(strnlen.o)
                              c:/program files (x86)/atmel/atmel toolchain/avr8 gcc/native/3.4.1061/avr8-gnu-toolchain/bin/../lib/gcc/avr/4.8.1/../../../../avr/lib/avr5\libc.a(vfprintf_std.o) (strnlen)
c:/program files (x86)/atmel/atmel toolchain/avr8 gcc/native/3.4.1061/avr8-gnu-toolchain/bin/../lib/gcc/avr/4.8.1/../../../../avr/lib/avr5\libc.a(fputc.o)
                              c:/program files (x86)/atmel/atmel toolchain/avr8 gcc/native/3.4.1061/avr8-gnu-toolchain/bin/../lib/gcc/avr/4.8.1/../../../../avr/lib/avr5\libc.a(vfprintf_std.o) (fputc)
c:/program files (x86)/atmel/atmel toolchain/avr8 gcc/native/3.4.1061/avr8-gnu-toolchain/bin/../lib/gcc/avr/4.8.1/../../../../avr/lib/avr5\libc.a(ultoa_invert.o)
                              c:/program files (x86)/atmel/atmel toolchain/avr8 gcc/native/3.4.1061/avr8-gnu-toolchain/bin/../lib/gcc/avr/4.8.1/../../../../avr/lib/avr5\libc.a(vfprintf_std.o) (__ultoa_invert)
c:/program files (x86)/atmel/atmel toolchain/avr8 gcc/native/3.4.1061/avr8-gnu-toolchain/bin/../lib/gcc/avr/4.8.1/avr5\libgcc.a(_prologue.o)
                              c:/program files (x86)/atmel/atmel toolchain/avr8 gcc/native/3.4.1061/avr8-gnu-toolchain/bin/../lib/gcc/avr/4.8.1/../../../../avr/lib/avr5\libc.a(printf.o) (__prologue_saves__)
c:/program files (x86)/atmel/atmel toolchain/avr8 gcc/native/3.4.1061/avr8-gnu-toolchain/bin/../lib/gcc/avr/4.8.1/avr5\libgcc.a(_epilogue.o)
                              c:/program files (x86)/atmel/atmel toolchain/avr8 gcc/native/3.4.1061/avr8-gnu-toolchain/bin/../lib/gcc/avr/4.8.1/../../../../avr/lib/avr5\libc.a(printf.o) (__epilogue_restores__)

Allocating common symbols
Common symbol       size              file

usartReceiverBuffer
                    0x32              ATmega328.o
usartReceiverBufferNextWrite
                    0x1               ATmega328.o
usartReceiverBufferLength
                    0x1               ATmega328.o
usartReceiverBufferNextRead
                    0x1               ATmega328.o
__iob               0x6               c:/program files (x86)/atmel/atmel toolchain/avr8 gcc/native/3.4.1061/avr8-gnu-toolchain/bin/../lib/gcc/avr/4.8.1/../../../../avr/lib/avr5\libc.a(iob.o)

Discarded input sections

 .data          0x00000000        0x0 c:/program files (x86)/atmel/atmel toolchain/avr8 gcc/native/3.4.1061/avr8-gnu-toolchain/bin/../lib/gcc/avr/4.8.1/../../../../avr/lib/avr5/crtm328p.o
 .bss           0x00000000        0x0 c:/program files (x86)/atmel/atmel toolchain/avr8 gcc/native/3.4.1061/avr8-gnu-toolchain/bin/../lib/gcc/avr/4.8.1/../../../../avr/lib/avr5/crtm328p.o
 .text          0x00000000        0x0 ATmega328.o
 .data          0x00000000        0x0 ATmega328.o
 .bss           0x00000000        0x0 ATmega328.o
 .text.globalInterruptEnable
                0x00000000        0x4 ATmega328.o
 .text.globalInterruptDisable
                0x00000000        0x4 ATmega328.o
 .text.systemClockSetPrescaler
                0x00000000       0x4c ATmega328.o
 .progmem.gcc_sw_table.systemClockSetPrescaler
                0x00000000       0x12 ATmega328.o
 .text.eepromSetOperationMode
                0x00000000       0x12 ATmega328.o
 .text.eepromReadyActivateInterrupt
                0x00000000        0x4 ATmega328.o
 .text.eepromReadyDeactivateInterrupt
                0x00000000        0x4 ATmega328.o
 .text.eepromWrite
                0x00000000       0x1a ATmega328.o
 .text.eepromRead
                0x00000000       0x10 ATmega328.o
 .text.globalPullUpEnable
                0x00000000        0x8 ATmega328.o
 .text.pullUpDisable
                0x00000000        0x8 ATmega328.o
 .text.int0Config
                0x00000000       0x72 ATmega328.o
 .text.int0ActivateInterrupt
                0x00000000        0x4 ATmega328.o
 .text.int0DeactivateInterrupt
                0x00000000        0x4 ATmega328.o
 .text.int0ClearInterruptRequest
                0x00000000        0x4 ATmega328.o
 .text.int1Config
                0x00000000       0x72 ATmega328.o
 .text.int1ActivateInterrupt
                0x00000000        0x4 ATmega328.o
 .text.int1DeactivateInterrupt
                0x00000000        0x4 ATmega328.o
 .text.int1ClearInterruptRequest
                0x00000000        0x4 ATmega328.o
 .text.pcint7_0Enable
                0x00000000        0xc ATmega328.o
 .text.pcint7_0Disable
                0x00000000        0xc ATmega328.o
 .text.pcint7_0ClearInterruptRequest
                0x00000000        0x4 ATmega328.o
 .text.pcint0ActivateInterrupt
                0x00000000       0x42 ATmega328.o
 .text.pcint0DeactivateInterrupt
                0x00000000        0xc ATmega328.o
 .text.pcint1ActivateInterrupt
                0x00000000       0x42 ATmega328.o
 .text.pcint1DeactivateInterrupt
                0x00000000        0xc ATmega328.o
 .text.pcint2ActivateInterrupt
                0x00000000       0x42 ATmega328.o
 .text.pcint2DeactivateInterrupt
                0x00000000        0xc ATmega328.o
 .text.pcint3ActivateInterrupt
                0x00000000       0x42 ATmega328.o
 .text.pcint3DeactivateInterrupt
                0x00000000        0xc ATmega328.o
 .text.pcint4ActivateInterrupt
                0x00000000       0x42 ATmega328.o
 .text.pcint4DeactivateInterrupt
                0x00000000        0xc ATmega328.o
 .text.pcint5ActivateInterrupt
                0x00000000       0x42 ATmega328.o
 .text.pcint5DeactivateInterrupt
                0x00000000        0xc ATmega328.o
 .text.pcint6ActivateInterrupt
                0x00000000       0x42 ATmega328.o
 .text.pcint6DeactivateInterrupt
                0x00000000        0xc ATmega328.o
 .text.pcint7ActivateInterrupt
                0x00000000       0x42 ATmega328.o
 .text.pcint7DeactivateInterrupt
                0x00000000        0xc ATmega328.o
 .text.pcint14_8Enable
                0x00000000        0xc ATmega328.o
 .text.pcint14_8Disable
                0x00000000        0xc ATmega328.o
 .text.pcint14_8ClearInterruptRequest
                0x00000000        0x4 ATmega328.o
 .text.pcint8ActivateInterrupt
                0x00000000       0x42 ATmega328.o
 .text.pcint8DeactivateInterrupt
                0x00000000        0xc ATmega328.o
 .text.pcint9ActivateInterrupt
                0x00000000       0x42 ATmega328.o
 .text.pcint9DeactivateInterrupt
                0x00000000        0xc ATmega328.o
 .text.pcint10ActivateInterrupt
                0x00000000       0x42 ATmega328.o
 .text.pcint10DeactivateInterrupt
                0x00000000        0xc ATmega328.o
 .text.pcint11ActivateInterrupt
                0x00000000       0x42 ATmega328.o
 .text.pcint11DeactivateInterrupt
                0x00000000        0xc ATmega328.o
 .text.pcint12ActivateInterrupt
                0x00000000       0x42 ATmega328.o
 .text.pcint12DeactivateInterrupt
                0x00000000        0xc ATmega328.o
 .text.pcint13ActivateInterrupt
                0x00000000       0x42 ATmega328.o
 .text.pcint13DeactivateInterrupt
                0x00000000        0xc ATmega328.o
 .text.pcint14ActivateInterrupt
                0x00000000       0x42 ATmega328.o
 .text.pcint14DeactivateInterrupt
                0x00000000        0xc ATmega328.o
 .text.pcint23_16Enable
                0x00000000        0xc ATmega328.o
 .text.pcint23_16Disable
                0x00000000        0xc ATmega328.o
 .text.pcint23_16ClearInterruptRequest
                0x00000000        0x4 ATmega328.o
 .text.pcint16ActivateInterrupt
                0x00000000       0x42 ATmega328.o
 .text.pcint16DeactivateInterrupt
                0x00000000        0xc ATmega328.o
 .text.pcint17ActivateInterrupt
                0x00000000       0x42 ATmega328.o
 .text.pcint17DeactivateInterrupt
                0x00000000        0xc ATmega328.o
 .text.pcint18ActivateInterrupt
                0x00000000       0x42 ATmega328.o
 .text.pcint18DeactivateInterrupt
                0x00000000        0xc ATmega328.o
 .text.pcint19ActivateInterrupt
                0x00000000       0x42 ATmega328.o
 .text.pcint19DeactivateInterrupt
                0x00000000        0xc ATmega328.o
 .text.pcint20ActivateInterrupt
                0x00000000       0x42 ATmega328.o
 .text.pcint20DeactivateInterrupt
                0x00000000        0xc ATmega328.o
 .text.pcint21ActivateInterrupt
                0x00000000       0x42 ATmega328.o
 .text.pcint21DeactivateInterrupt
                0x00000000        0xc ATmega328.o
 .text.pcint22ActivateInterrupt
                0x00000000       0x42 ATmega328.o
 .text.pcint22DeactivateInterrupt
                0x00000000        0xc ATmega328.o
 .text.pcint23ActivateInterrupt
                0x00000000       0x42 ATmega328.o
 .text.pcint23DeactivateInterrupt
                0x00000000        0xc ATmega328.o
 .text.timer0Config
                0x00000000       0x94 ATmega328.o
 .text.timer0OutputConfig
                0x00000000       0x64 ATmega328.o
 .text.timer0ActivateOverflowInterrupt
                0x00000000        0xc ATmega328.o
 .text.timer0DeactivateOverflowInterrupt
                0x00000000        0xc ATmega328.o
 .text.timer0ClearOverflowInterruptRequest
                0x00000000        0x4 ATmega328.o
 .text.timer0ActivateCompareAInterrupt
                0x00000000        0xc ATmega328.o
 .text.timer0DeactivateCompareAInterrupt
                0x00000000        0xc ATmega328.o
 .text.timer0ClearCompareAInterruptRequest
                0x00000000        0x4 ATmega328.o
 .text.timer0ActivateCompareBInterrupt
                0x00000000        0xc ATmega328.o
 .text.timer0DeactivateCompareBInterrupt
                0x00000000        0xc ATmega328.o
 .text.timer0ClearCompareBInterruptRequest
                0x00000000        0x4 ATmega328.o
 .text.timer0ForceCompareA
                0x00000000        0x8 ATmega328.o
 .text.timer0ForceCompareB
                0x00000000        0x8 ATmega328.o
 .text.timer0SetCounterValue
                0x00000000        0x4 ATmega328.o
 .text.timer0GetCounterValue
                0x00000000        0x4 ATmega328.o
 .text.timer0SetCompareAValue
                0x00000000        0x4 ATmega328.o
 .text.timer0GetCompareAValue
                0x00000000        0x4 ATmega328.o
 .text.timer0SetCompareBValue
                0x00000000        0x4 ATmega328.o
 .text.timer0GetCompareBValue
                0x00000000        0x4 ATmega328.o
 .text.timer1Config
                0x00000000       0x3a ATmega328.o
 .text.timer1OutputConfig
                0x00000000       0x2c ATmega328.o
 .text.timer1InputCaptureNoiseCancelerConfig
                0x00000000       0x10 ATmega328.o
 .text.timer1ActivateOverflowInterrupt
                0x00000000        0xe ATmega328.o
 .text.timer1DeactivateOverflowInterrupt
                0x00000000        0xe ATmega328.o
 .text.timer1ClearOverflowInterruptRequest
                0x00000000        0x6 ATmega328.o
 .text.timer1ActivateCompareAInterrupt
                0x00000000        0xe ATmega328.o
 .text.timer1DeactivateCompareAInterrupt
                0x00000000        0xe ATmega328.o
 .text.timer1ClearCompareAInterruptRequest
                0x00000000        0x6 ATmega328.o
 .text.timer1ActivateCompareBInterrupt
                0x00000000        0xe ATmega328.o
 .text.timer1DeactivateCompareBInterrupt
                0x00000000        0xe ATmega328.o
 .text.timer1ClearCompareBInterruptRequest
                0x00000000        0x6 ATmega328.o
 .text.timer1ActivateInputCaptureInterrupt
                0x00000000        0xe ATmega328.o
 .text.timer1DeactivateInputCaptureInterrupt
                0x00000000        0xe ATmega328.o
 .text.timer1ClearInputCaptureInterruptRequest
                0x00000000        0x6 ATmega328.o
 .text.timer1ForceCompareA
                0x00000000        0xe ATmega328.o
 .text.timer1ForceCompareB
                0x00000000        0xe ATmega328.o
 .text.timer1SetCounterValue
                0x00000000       0x12 ATmega328.o
 .text.timer1GetCounterValue
                0x00000000        0xa ATmega328.o
 .text.timer1SetCompareAValue
                0x00000000       0x12 ATmega328.o
 .text.timer1GetCompareAValue
                0x00000000        0xa ATmega328.o
 .text.timer1SetCompareBValue
                0x00000000       0x12 ATmega328.o
 .text.timer1GetCompareBValue
                0x00000000        0xa ATmega328.o
 .text.timer1SetInputCaptureValue
                0x00000000       0x12 ATmega328.o
 .text.timer1GetInputCaptureValue
                0x00000000        0xa ATmega328.o
 .text.timer2Config
                0x00000000       0x30 ATmega328.o
 .text.timer2OutputConfig
                0x00000000       0x2c ATmega328.o
 .text.timer2ActivateOverflowInterrupt
                0x00000000        0xe ATmega328.o
 .text.timer2DeactivateOverflowInterrupt
                0x00000000        0xe ATmega328.o
 .text.timer2ClearOverflowInterruptRequest
                0x00000000        0x6 ATmega328.o
 .text.timer2ActivateCompareAInterrupt
                0x00000000        0xe ATmega328.o
 .text.timer2DeactivateCompareAInterrupt
                0x00000000        0xe ATmega328.o
 .text.timer2ClearCompareAInterruptRequest
                0x00000000        0x6 ATmega328.o
 .text.timer2ActivateCompareBInterrupt
                0x00000000        0xe ATmega328.o
 .text.timer2DeactivateCompareBInterrupt
                0x00000000        0xe ATmega328.o
 .text.timer2ClearCompareBInterruptRequest
                0x00000000        0x6 ATmega328.o
 .text.timer2ForceCompareA
                0x00000000        0xe ATmega328.o
 .text.timer2ForceCompareB
                0x00000000        0xe ATmega328.o
 .text.timer2SetCounterValue
                0x00000000        0x8 ATmega328.o
 .text.timer2GetCounterValue
                0x00000000        0x6 ATmega328.o
 .text.timer2SetCompareAValue
                0x00000000        0x8 ATmega328.o
 .text.timer2GetCompareAValue
                0x00000000        0x6 ATmega328.o
 .text.timer2SetCompareBValue
                0x00000000        0x8 ATmega328.o
 .text.timer2GetCompareBValue
                0x00000000        0x6 ATmega328.o
 .text.adcConfig
                0x00000000       0x8e ATmega328.o
 .progmem.gcc_sw_table.adcConfig
                0x00000000        0xe ATmega328.o
 .text.adcSelectChannel
                0x00000000       0x10 ATmega328.o
 .text.adcEnableDigitalInput
                0x00000000       0x10 ATmega328.o
 .text.adcDisableDigitalInput
                0x00000000        0xe ATmega328.o
 .text.adcDataPresentation
                0x00000000       0x1e ATmega328.o
 .text.adcEnable
                0x00000000        0xe ATmega328.o
 .text.adcDisable
                0x00000000        0xe ATmega328.o
 .text.adcClearInterruptRequest
                0x00000000        0xe ATmega328.o
 .text.adcActivateInterrupt
                0x00000000        0xe ATmega328.o
 .text.adcDeactivateInterrupt
                0x00000000        0xe ATmega328.o
 .text.adcStartConversion
                0x00000000        0xe ATmega328.o
 .text.adcIsBusy
                0x00000000        0xc ATmega328.o
 .text.adcWaitUntilConversionFinish
                0x00000000        0xe ATmega328.o
 .text.usartEnableReceiver
                0x00000000        0xe ATmega328.o
 .text.usartDisableReceiver
                0x00000000        0xe ATmega328.o
 .text.usartDisableTransmitter
                0x00000000        0xe ATmega328.o
 .text.usartActivateReceptionCompleteInterrupt
                0x00000000        0xe ATmega328.o
 .text.usartDeactivateReceptionCompleteInterrupt
                0x00000000        0xe ATmega328.o
 .text.usartActivateTransmissionCompleteInterrupt
                0x00000000        0xe ATmega328.o
 .text.usartDeactivateTransmissionCompleteInterrupt
                0x00000000        0xe ATmega328.o
 .text.usartActivateBufferEmptyInterrupt
                0x00000000        0xe ATmega328.o
 .text.usartDeactivateBufferEmptyInterrupt
                0x00000000        0xe ATmega328.o
 .text.usartIsReceptionComplete
                0x00000000        0xc ATmega328.o
 .text.usartIsTransmissionComplete
                0x00000000        0xc ATmega328.o
 .text.usartCheckError
                0x00000000       0x26 ATmega328.o
 .text.usartTransmit
                0x00000000       0x16 ATmega328.o
 .text.usartTransmit9bits
                0x00000000       0x3a ATmega328.o
 .text.usartReceive
                0x00000000       0x14 ATmega328.o
 .text.usartReceive9bits
                0x00000000       0x28 ATmega328.o
 .text.usartClearReceptionBuffer
                0x00000000       0x1a ATmega328.o
 .text.usartAddDataToReceiverBuffer
                0x00000000       0x60 ATmega328.o
 .text.usartGetDataFromReceiverBuffer
                0x00000000       0x46 ATmega328.o
 .text.usartIsReceiverBufferEmpty
                0x00000000        0xc ATmega328.o
 .text.usartGetCurrentBaudRate
                0x00000000        0x8 ATmega328.o
 .text.spiInit  0x00000000        0x2 ATmega328.o
 .text.spiMasterTransmit
                0x00000000        0xc ATmega328.o
 .text.spiSlaveTransmit
                0x00000000        0xa ATmega328.o
 COMMON         0x00000000       0x35 ATmega328.o
 .text          0x00000000        0x0 ff.o
 .data          0x00000000        0x0 ff.o
 .bss           0x00000000        0x0 ff.o
 .text.get_fattime
                0x00000000        0x8 ff.o
 .text.f_read   0x00000000      0x29a ff.o
 .text.f_close  0x00000000       0x64 ff.o
 .text.f_lseek  0x00000000      0x3a8 ff.o
 .text.f_opendir
                0x00000000       0xdc ff.o
 .text.f_readdir
                0x00000000      0x264 ff.o
 .text.f_gets   0x00000000       0xb8 ff.o
 .text          0x00000000        0x0 mmc.o
 .data          0x00000000        0x0 mmc.o
 .bss           0x00000000        0x0 mmc.o
 .text          0x00000000        0x0 sdExample.o
 .data          0x00000000        0x0 sdExample.o
 .bss           0x00000000        0x0 sdExample.o
 .text          0x00000000        0x0 spi.o
 .data          0x00000000        0x0 spi.o
 .bss           0x00000000        0x0 spi.o
 .text          0x00000000        0x0 c:/program files (x86)/atmel/atmel toolchain/avr8 gcc/native/3.4.1061/avr8-gnu-toolchain/bin/../lib/gcc/avr/4.8.1/avr5\libgcc.a(_udivmodsi4.o)
 .data          0x00000000        0x0 c:/program files (x86)/atmel/atmel toolchain/avr8 gcc/native/3.4.1061/avr8-gnu-toolchain/bin/../lib/gcc/avr/4.8.1/avr5\libgcc.a(_udivmodsi4.o)
 .bss           0x00000000        0x0 c:/program files (x86)/atmel/atmel toolchain/avr8 gcc/native/3.4.1061/avr8-gnu-toolchain/bin/../lib/gcc/avr/4.8.1/avr5\libgcc.a(_udivmodsi4.o)
 .text.libgcc.mul
                0x00000000        0x0 c:/program files (x86)/atmel/atmel toolchain/avr8 gcc/native/3.4.1061/avr8-gnu-toolchain/bin/../lib/gcc/avr/4.8.1/avr5\libgcc.a(_udivmodsi4.o)
 .text.libgcc   0x00000000        0x0 c:/program files (x86)/atmel/atmel toolchain/avr8 gcc/native/3.4.1061/avr8-gnu-toolchain/bin/../lib/gcc/avr/4.8.1/avr5\libgcc.a(_udivmodsi4.o)
 .text.libgcc.prologue
                0x00000000        0x0 c:/program files (x86)/atmel/atmel toolchain/avr8 gcc/native/3.4.1061/avr8-gnu-toolchain/bin/../lib/gcc/avr/4.8.1/avr5\libgcc.a(_udivmodsi4.o)
 .text.libgcc.builtins
                0x00000000        0x0 c:/program files (x86)/atmel/atmel toolchain/avr8 gcc/native/3.4.1061/avr8-gnu-toolchain/bin/../lib/gcc/avr/4.8.1/avr5\libgcc.a(_udivmodsi4.o)
 .text.libgcc.fmul
                0x00000000        0x0 c:/program files (x86)/atmel/atmel toolchain/avr8 gcc/native/3.4.1061/avr8-gnu-toolchain/bin/../lib/gcc/avr/4.8.1/avr5\libgcc.a(_udivmodsi4.o)
 .text.libgcc.fixed
                0x00000000        0x0 c:/program files (x86)/atmel/atmel toolchain/avr8 gcc/native/3.4.1061/avr8-gnu-toolchain/bin/../lib/gcc/avr/4.8.1/avr5\libgcc.a(_udivmodsi4.o)
 .text          0x00000000        0x0 c:/program files (x86)/atmel/atmel toolchain/avr8 gcc/native/3.4.1061/avr8-gnu-toolchain/bin/../lib/gcc/avr/4.8.1/avr5\libgcc.a(_exit.o)
 .data          0x00000000        0x0 c:/program files (x86)/atmel/atmel toolchain/avr8 gcc/native/3.4.1061/avr8-gnu-toolchain/bin/../lib/gcc/avr/4.8.1/avr5\libgcc.a(_exit.o)
 .bss           0x00000000        0x0 c:/program files (x86)/atmel/atmel toolchain/avr8 gcc/native/3.4.1061/avr8-gnu-toolchain/bin/../lib/gcc/avr/4.8.1/avr5\libgcc.a(_exit.o)
 .text.libgcc.mul
                0x00000000        0x0 c:/program files (x86)/atmel/atmel toolchain/avr8 gcc/native/3.4.1061/avr8-gnu-toolchain/bin/../lib/gcc/avr/4.8.1/avr5\libgcc.a(_exit.o)
 .text.libgcc.div
                0x00000000        0x0 c:/program files (x86)/atmel/atmel toolchain/avr8 gcc/native/3.4.1061/avr8-gnu-toolchain/bin/../lib/gcc/avr/4.8.1/avr5\libgcc.a(_exit.o)
 .text.libgcc   0x00000000        0x0 c:/program files (x86)/atmel/atmel toolchain/avr8 gcc/native/3.4.1061/avr8-gnu-toolchain/bin/../lib/gcc/avr/4.8.1/avr5\libgcc.a(_exit.o)
 .text.libgcc.prologue
                0x00000000        0x0 c:/program files (x86)/atmel/atmel toolchain/avr8 gcc/native/3.4.1061/avr8-gnu-toolchain/bin/../lib/gcc/avr/4.8.1/avr5\libgcc.a(_exit.o)
 .text.libgcc.builtins
                0x00000000        0x0 c:/program files (x86)/atmel/atmel toolchain/avr8 gcc/native/3.4.1061/avr8-gnu-toolchain/bin/../lib/gcc/avr/4.8.1/avr5\libgcc.a(_exit.o)
 .text.libgcc.fmul
                0x00000000        0x0 c:/program files (x86)/atmel/atmel toolchain/avr8 gcc/native/3.4.1061/avr8-gnu-toolchain/bin/../lib/gcc/avr/4.8.1/avr5\libgcc.a(_exit.o)
 .text.libgcc.fixed
                0x00000000        0x0 c:/program files (x86)/atmel/atmel toolchain/avr8 gcc/native/3.4.1061/avr8-gnu-toolchain/bin/../lib/gcc/avr/4.8.1/avr5\libgcc.a(_exit.o)
 .text          0x00000000        0x0 c:/program files (x86)/atmel/atmel toolchain/avr8 gcc/native/3.4.1061/avr8-gnu-toolchain/bin/../lib/gcc/avr/4.8.1/avr5\libgcc.a(_tablejump.o)
 .data          0x00000000        0x0 c:/program files (x86)/atmel/atmel toolchain/avr8 gcc/native/3.4.1061/avr8-gnu-toolchain/bin/../lib/gcc/avr/4.8.1/avr5\libgcc.a(_tablejump.o)
 .bss           0x00000000        0x0 c:/program files (x86)/atmel/atmel toolchain/avr8 gcc/native/3.4.1061/avr8-gnu-toolchain/bin/../lib/gcc/avr/4.8.1/avr5\libgcc.a(_tablejump.o)
 .text.libgcc.mul
                0x00000000        0x0 c:/program files (x86)/atmel/atmel toolchain/avr8 gcc/native/3.4.1061/avr8-gnu-toolchain/bin/../lib/gcc/avr/4.8.1/avr5\libgcc.a(_tablejump.o)
 .text.libgcc.div
                0x00000000        0x0 c:/program files (x86)/atmel/atmel toolchain/avr8 gcc/native/3.4.1061/avr8-gnu-toolchain/bin/../lib/gcc/avr/4.8.1/avr5\libgcc.a(_tablejump.o)
 .text.libgcc.prologue
                0x00000000        0x0 c:/program files (x86)/atmel/atmel toolchain/avr8 gcc/native/3.4.1061/avr8-gnu-toolchain/bin/../lib/gcc/avr/4.8.1/avr5\libgcc.a(_tablejump.o)
 .text.libgcc.builtins
                0x00000000        0x0 c:/program files (x86)/atmel/atmel toolchain/avr8 gcc/native/3.4.1061/avr8-gnu-toolchain/bin/../lib/gcc/avr/4.8.1/avr5\libgcc.a(_tablejump.o)
 .text.libgcc.fmul
                0x00000000        0x0 c:/program files (x86)/atmel/atmel toolchain/avr8 gcc/native/3.4.1061/avr8-gnu-toolchain/bin/../lib/gcc/avr/4.8.1/avr5\libgcc.a(_tablejump.o)
 .text.libgcc.fixed
                0x00000000        0x0 c:/program files (x86)/atmel/atmel toolchain/avr8 gcc/native/3.4.1061/avr8-gnu-toolchain/bin/../lib/gcc/avr/4.8.1/avr5\libgcc.a(_tablejump.o)
 .text          0x00000000        0x0 c:/program files (x86)/atmel/atmel toolchain/avr8 gcc/native/3.4.1061/avr8-gnu-toolchain/bin/../lib/gcc/avr/4.8.1/avr5\libgcc.a(_copy_data.o)
 .data          0x00000000        0x0 c:/program files (x86)/atmel/atmel toolchain/avr8 gcc/native/3.4.1061/avr8-gnu-toolchain/bin/../lib/gcc/avr/4.8.1/avr5\libgcc.a(_copy_data.o)
 .bss           0x00000000        0x0 c:/program files (x86)/atmel/atmel toolchain/avr8 gcc/native/3.4.1061/avr8-gnu-toolchain/bin/../lib/gcc/avr/4.8.1/avr5\libgcc.a(_copy_data.o)
 .text.libgcc.mul
                0x00000000        0x0 c:/program files (x86)/atmel/atmel toolchain/avr8 gcc/native/3.4.1061/avr8-gnu-toolchain/bin/../lib/gcc/avr/4.8.1/avr5\libgcc.a(_copy_data.o)
 .text.libgcc.div
                0x00000000        0x0 c:/program files (x86)/atmel/atmel toolchain/avr8 gcc/native/3.4.1061/avr8-gnu-toolchain/bin/../lib/gcc/avr/4.8.1/avr5\libgcc.a(_copy_data.o)
 .text.libgcc   0x00000000        0x0 c:/program files (x86)/atmel/atmel toolchain/avr8 gcc/native/3.4.1061/avr8-gnu-toolchain/bin/../lib/gcc/avr/4.8.1/avr5\libgcc.a(_copy_data.o)
 .text.libgcc.prologue
                0x00000000        0x0 c:/program files (x86)/atmel/atmel toolchain/avr8 gcc/native/3.4.1061/avr8-gnu-toolchain/bin/../lib/gcc/avr/4.8.1/avr5\libgcc.a(_copy_data.o)
 .text.libgcc.builtins
                0x00000000        0x0 c:/program files (x86)/atmel/atmel toolchain/avr8 gcc/native/3.4.1061/avr8-gnu-toolchain/bin/../lib/gcc/avr/4.8.1/avr5\libgcc.a(_copy_data.o)
 .text.libgcc.fmul
                0x00000000        0x0 c:/program files (x86)/atmel/atmel toolchain/avr8 gcc/native/3.4.1061/avr8-gnu-toolchain/bin/../lib/gcc/avr/4.8.1/avr5\libgcc.a(_copy_data.o)
 .text.libgcc.fixed
                0x00000000        0x0 c:/program files (x86)/atmel/atmel toolchain/avr8 gcc/native/3.4.1061/avr8-gnu-toolchain/bin/../lib/gcc/avr/4.8.1/avr5\libgcc.a(_copy_data.o)
 .text          0x00000000        0x0 c:/program files (x86)/atmel/atmel toolchain/avr8 gcc/native/3.4.1061/avr8-gnu-toolchain/bin/../lib/gcc/avr/4.8.1/avr5\libgcc.a(_clear_bss.o)
 .data          0x00000000        0x0 c:/program files (x86)/atmel/atmel toolchain/avr8 gcc/native/3.4.1061/avr8-gnu-toolchain/bin/../lib/gcc/avr/4.8.1/avr5\libgcc.a(_clear_bss.o)
 .bss           0x00000000        0x0 c:/program files (x86)/atmel/atmel toolchain/avr8 gcc/native/3.4.1061/avr8-gnu-toolchain/bin/../lib/gcc/avr/4.8.1/avr5\libgcc.a(_clear_bss.o)
 .text.libgcc.mul
                0x00000000        0x0 c:/program files (x86)/atmel/atmel toolchain/avr8 gcc/native/3.4.1061/avr8-gnu-toolchain/bin/../lib/gcc/avr/4.8.1/avr5\libgcc.a(_clear_bss.o)
 .text.libgcc.div
                0x00000000        0x0 c:/program files (x86)/atmel/atmel toolchain/avr8 gcc/native/3.4.1061/avr8-gnu-toolchain/bin/../lib/gcc/avr/4.8.1/avr5\libgcc.a(_clear_bss.o)
 .text.libgcc   0x00000000        0x0 c:/program files (x86)/atmel/atmel toolchain/avr8 gcc/native/3.4.1061/avr8-gnu-toolchain/bin/../lib/gcc/avr/4.8.1/avr5\libgcc.a(_clear_bss.o)
 .text.libgcc.prologue
                0x00000000        0x0 c:/program files (x86)/atmel/atmel toolchain/avr8 gcc/native/3.4.1061/avr8-gnu-toolchain/bin/../lib/gcc/avr/4.8.1/avr5\libgcc.a(_clear_bss.o)
 .text.libgcc.builtins
                0x00000000        0x0 c:/program files (x86)/atmel/atmel toolchain/avr8 gcc/native/3.4.1061/avr8-gnu-toolchain/bin/../lib/gcc/avr/4.8.1/avr5\libgcc.a(_clear_bss.o)
 .text.libgcc.fmul
                0x00000000        0x0 c:/program files (x86)/atmel/atmel toolchain/avr8 gcc/native/3.4.1061/avr8-gnu-toolchain/bin/../lib/gcc/avr/4.8.1/avr5\libgcc.a(_clear_bss.o)
 .text.libgcc.fixed
                0x00000000        0x0 c:/program files (x86)/atmel/atmel toolchain/avr8 gcc/native/3.4.1061/avr8-gnu-toolchain/bin/../lib/gcc/avr/4.8.1/avr5\libgcc.a(_clear_bss.o)
 .text          0x00000000        0x0 c:/program files (x86)/atmel/atmel toolchain/avr8 gcc/native/3.4.1061/avr8-gnu-toolchain/bin/../lib/gcc/avr/4.8.1/avr5\libgcc.a(_muluhisi3.o)
 .data          0x00000000        0x0 c:/program files (x86)/atmel/atmel toolchain/avr8 gcc/native/3.4.1061/avr8-gnu-toolchain/bin/../lib/gcc/avr/4.8.1/avr5\libgcc.a(_muluhisi3.o)
 .bss           0x00000000        0x0 c:/program files (x86)/atmel/atmel toolchain/avr8 gcc/native/3.4.1061/avr8-gnu-toolchain/bin/../lib/gcc/avr/4.8.1/avr5\libgcc.a(_muluhisi3.o)
 .text.libgcc.div
                0x00000000        0x0 c:/program files (x86)/atmel/atmel toolchain/avr8 gcc/native/3.4.1061/avr8-gnu-toolchain/bin/../lib/gcc/avr/4.8.1/avr5\libgcc.a(_muluhisi3.o)
 .text.libgcc   0x00000000        0x0 c:/program files (x86)/atmel/atmel toolchain/avr8 gcc/native/3.4.1061/avr8-gnu-toolchain/bin/../lib/gcc/avr/4.8.1/avr5\libgcc.a(_muluhisi3.o)
 .text.libgcc.prologue
                0x00000000        0x0 c:/program files (x86)/atmel/atmel toolchain/avr8 gcc/native/3.4.1061/avr8-gnu-toolchain/bin/../lib/gcc/avr/4.8.1/avr5\libgcc.a(_muluhisi3.o)
 .text.libgcc.builtins
                0x00000000        0x0 c:/program files (x86)/atmel/atmel toolchain/avr8 gcc/native/3.4.1061/avr8-gnu-toolchain/bin/../lib/gcc/avr/4.8.1/avr5\libgcc.a(_muluhisi3.o)
 .text.libgcc.fmul
                0x00000000        0x0 c:/program files (x86)/atmel/atmel toolchain/avr8 gcc/native/3.4.1061/avr8-gnu-toolchain/bin/../lib/gcc/avr/4.8.1/avr5\libgcc.a(_muluhisi3.o)
 .text.libgcc.fixed
                0x00000000        0x0 c:/program files (x86)/atmel/atmel toolchain/avr8 gcc/native/3.4.1061/avr8-gnu-toolchain/bin/../lib/gcc/avr/4.8.1/avr5\libgcc.a(_muluhisi3.o)
 .text          0x00000000        0x0 c:/program files (x86)/atmel/atmel toolchain/avr8 gcc/native/3.4.1061/avr8-gnu-toolchain/bin/../lib/gcc/avr/4.8.1/avr5\libgcc.a(_ashrdi3.o)
 .data          0x00000000        0x0 c:/program files (x86)/atmel/atmel toolchain/avr8 gcc/native/3.4.1061/avr8-gnu-toolchain/bin/../lib/gcc/avr/4.8.1/avr5\libgcc.a(_ashrdi3.o)
 .bss           0x00000000        0x0 c:/program files (x86)/atmel/atmel toolchain/avr8 gcc/native/3.4.1061/avr8-gnu-toolchain/bin/../lib/gcc/avr/4.8.1/avr5\libgcc.a(_ashrdi3.o)
 .text.libgcc.mul
                0x00000000        0x0 c:/program files (x86)/atmel/atmel toolchain/avr8 gcc/native/3.4.1061/avr8-gnu-toolchain/bin/../lib/gcc/avr/4.8.1/avr5\libgcc.a(_ashrdi3.o)
 .text.libgcc.div
                0x00000000        0x0 c:/program files (x86)/atmel/atmel toolchain/avr8 gcc/native/3.4.1061/avr8-gnu-toolchain/bin/../lib/gcc/avr/4.8.1/avr5\libgcc.a(_ashrdi3.o)
 .text.libgcc   0x00000000        0x0 c:/program files (x86)/atmel/atmel toolchain/avr8 gcc/native/3.4.1061/avr8-gnu-toolchain/bin/../lib/gcc/avr/4.8.1/avr5\libgcc.a(_ashrdi3.o)
 .text.libgcc.prologue
                0x00000000        0x0 c:/program files (x86)/atmel/atmel toolchain/avr8 gcc/native/3.4.1061/avr8-gnu-toolchain/bin/../lib/gcc/avr/4.8.1/avr5\libgcc.a(_ashrdi3.o)
 .text.libgcc.fmul
                0x00000000        0x0 c:/program files (x86)/atmel/atmel toolchain/avr8 gcc/native/3.4.1061/avr8-gnu-toolchain/bin/../lib/gcc/avr/4.8.1/avr5\libgcc.a(_ashrdi3.o)
 .text.libgcc.fixed
                0x00000000        0x0 c:/program files (x86)/atmel/atmel toolchain/avr8 gcc/native/3.4.1061/avr8-gnu-toolchain/bin/../lib/gcc/avr/4.8.1/avr5\libgcc.a(_ashrdi3.o)
 .text          0x00000000        0x0 c:/program files (x86)/atmel/atmel toolchain/avr8 gcc/native/3.4.1061/avr8-gnu-toolchain/bin/../lib/gcc/avr/4.8.1/avr5\libgcc.a(_umulhisi3.o)
 .data          0x00000000        0x0 c:/program files (x86)/atmel/atmel toolchain/avr8 gcc/native/3.4.1061/avr8-gnu-toolchain/bin/../lib/gcc/avr/4.8.1/avr5\libgcc.a(_umulhisi3.o)
 .bss           0x00000000        0x0 c:/program files (x86)/atmel/atmel toolchain/avr8 gcc/native/3.4.1061/avr8-gnu-toolchain/bin/../lib/gcc/avr/4.8.1/avr5\libgcc.a(_umulhisi3.o)
 .text.libgcc.div
                0x00000000        0x0 c:/program files (x86)/atmel/atmel toolchain/avr8 gcc/native/3.4.1061/avr8-gnu-toolchain/bin/../lib/gcc/avr/4.8.1/avr5\libgcc.a(_umulhisi3.o)
 .text.libgcc   0x00000000        0x0 c:/program files (x86)/atmel/atmel toolchain/avr8 gcc/native/3.4.1061/avr8-gnu-toolchain/bin/../lib/gcc/avr/4.8.1/avr5\libgcc.a(_umulhisi3.o)
 .text.libgcc.prologue
                0x00000000        0x0 c:/program files (x86)/atmel/atmel toolchain/avr8 gcc/native/3.4.1061/avr8-gnu-toolchain/bin/../lib/gcc/avr/4.8.1/avr5\libgcc.a(_umulhisi3.o)
 .text.libgcc.builtins
                0x00000000        0x0 c:/program files (x86)/atmel/atmel toolchain/avr8 gcc/native/3.4.1061/avr8-gnu-toolchain/bin/../lib/gcc/avr/4.8.1/avr5\libgcc.a(_umulhisi3.o)
 .text.libgcc.fmul
                0x00000000        0x0 c:/program files (x86)/atmel/atmel toolchain/avr8 gcc/native/3.4.1061/avr8-gnu-toolchain/bin/../lib/gcc/avr/4.8.1/avr5\libgcc.a(_umulhisi3.o)
 .text.libgcc.fixed
                0x00000000        0x0 c:/program files (x86)/atmel/atmel toolchain/avr8 gcc/native/3.4.1061/avr8-gnu-toolchain/bin/../lib/gcc/avr/4.8.1/avr5\libgcc.a(_umulhisi3.o)
 .text          0x00000000        0x0 c:/program files (x86)/atmel/atmel toolchain/avr8 gcc/native/3.4.1061/avr8-gnu-toolchain/bin/../lib/gcc/avr/4.8.1/../../../../avr/lib/avr5\libc.a(iob.o)
 .data          0x00000000        0x0 c:/program files (x86)/atmel/atmel toolchain/avr8 gcc/native/3.4.1061/avr8-gnu-toolchain/bin/../lib/gcc/avr/4.8.1/../../../../avr/lib/avr5\libc.a(iob.o)
 .bss           0x00000000        0x0 c:/program files (x86)/atmel/atmel toolchain/avr8 gcc/native/3.4.1061/avr8-gnu-toolchain/bin/../lib/gcc/avr/4.8.1/../../../../avr/lib/avr5\libc.a(iob.o)
 .text          0x00000000        0x0 c:/program files (x86)/atmel/atmel toolchain/avr8 gcc/native/3.4.1061/avr8-gnu-toolchain/bin/../lib/gcc/avr/4.8.1/../../../../avr/lib/avr5\libc.a(printf.o)
 .data          0x00000000        0x0 c:/program files (x86)/atmel/atmel toolchain/avr8 gcc/native/3.4.1061/avr8-gnu-toolchain/bin/../lib/gcc/avr/4.8.1/../../../../avr/lib/avr5\libc.a(printf.o)
 .bss           0x00000000        0x0 c:/program files (x86)/atmel/atmel toolchain/avr8 gcc/native/3.4.1061/avr8-gnu-toolchain/bin/../lib/gcc/avr/4.8.1/../../../../avr/lib/avr5\libc.a(printf.o)
 .text          0x00000000        0x0 c:/program files (x86)/atmel/atmel toolchain/avr8 gcc/native/3.4.1061/avr8-gnu-toolchain/bin/../lib/gcc/avr/4.8.1/../../../../avr/lib/avr5\libc.a(vfprintf_std.o)
 .data          0x00000000        0x0 c:/program files (x86)/atmel/atmel toolchain/avr8 gcc/native/3.4.1061/avr8-gnu-toolchain/bin/../lib/gcc/avr/4.8.1/../../../../avr/lib/avr5\libc.a(vfprintf_std.o)
 .bss           0x00000000        0x0 c:/program files (x86)/atmel/atmel toolchain/avr8 gcc/native/3.4.1061/avr8-gnu-toolchain/bin/../lib/gcc/avr/4.8.1/../../../../avr/lib/avr5\libc.a(vfprintf_std.o)
 .text          0x00000000        0x0 c:/program files (x86)/atmel/atmel toolchain/avr8 gcc/native/3.4.1061/avr8-gnu-toolchain/bin/../lib/gcc/avr/4.8.1/../../../../avr/lib/avr5\libc.a(strnlen_P.o)
 .data          0x00000000        0x0 c:/program files (x86)/atmel/atmel toolchain/avr8 gcc/native/3.4.1061/avr8-gnu-toolchain/bin/../lib/gcc/avr/4.8.1/../../../../avr/lib/avr5\libc.a(strnlen_P.o)
 .bss           0x00000000        0x0 c:/program files (x86)/atmel/atmel toolchain/avr8 gcc/native/3.4.1061/avr8-gnu-toolchain/bin/../lib/gcc/avr/4.8.1/../../../../avr/lib/avr5\libc.a(strnlen_P.o)
 .text          0x00000000        0x0 c:/program files (x86)/atmel/atmel toolchain/avr8 gcc/native/3.4.1061/avr8-gnu-toolchain/bin/../lib/gcc/avr/4.8.1/../../../../avr/lib/avr5\libc.a(strnlen.o)
 .data          0x00000000        0x0 c:/program files (x86)/atmel/atmel toolchain/avr8 gcc/native/3.4.1061/avr8-gnu-toolchain/bin/../lib/gcc/avr/4.8.1/../../../../avr/lib/avr5\libc.a(strnlen.o)
 .bss           0x00000000        0x0 c:/program files (x86)/atmel/atmel toolchain/avr8 gcc/native/3.4.1061/avr8-gnu-toolchain/bin/../lib/gcc/avr/4.8.1/../../../../avr/lib/avr5\libc.a(strnlen.o)
 .text          0x00000000        0x0 c:/program files (x86)/atmel/atmel toolchain/avr8 gcc/native/3.4.1061/avr8-gnu-toolchain/bin/../lib/gcc/avr/4.8.1/../../../../avr/lib/avr5\libc.a(fputc.o)
 .data          0x00000000        0x0 c:/program files (x86)/atmel/atmel toolchain/avr8 gcc/native/3.4.1061/avr8-gnu-toolchain/bin/../lib/gcc/avr/4.8.1/../../../../avr/lib/avr5\libc.a(fputc.o)
 .bss           0x00000000        0x0 c:/program files (x86)/atmel/atmel toolchain/avr8 gcc/native/3.4.1061/avr8-gnu-toolchain/bin/../lib/gcc/avr/4.8.1/../../../../avr/lib/avr5\libc.a(fputc.o)
 .text          0x00000000        0x0 c:/program files (x86)/atmel/atmel toolchain/avr8 gcc/native/3.4.1061/avr8-gnu-toolchain/bin/../lib/gcc/avr/4.8.1/../../../../avr/lib/avr5\libc.a(ultoa_invert.o)
 .data          0x00000000        0x0 c:/program files (x86)/atmel/atmel toolchain/avr8 gcc/native/3.4.1061/avr8-gnu-toolchain/bin/../lib/gcc/avr/4.8.1/../../../../avr/lib/avr5\libc.a(ultoa_invert.o)
 .bss           0x00000000        0x0 c:/program files (x86)/atmel/atmel toolchain/avr8 gcc/native/3.4.1061/avr8-gnu-toolchain/bin/../lib/gcc/avr/4.8.1/../../../../avr/lib/avr5\libc.a(ultoa_invert.o)
 .text          0x00000000        0x0 c:/program files (x86)/atmel/atmel toolchain/avr8 gcc/native/3.4.1061/avr8-gnu-toolchain/bin/../lib/gcc/avr/4.8.1/avr5\libgcc.a(_prologue.o)
 .data          0x00000000        0x0 c:/program files (x86)/atmel/atmel toolchain/avr8 gcc/native/3.4.1061/avr8-gnu-toolchain/bin/../lib/gcc/avr/4.8.1/avr5\libgcc.a(_prologue.o)
 .bss           0x00000000        0x0 c:/program files (x86)/atmel/atmel toolchain/avr8 gcc/native/3.4.1061/avr8-gnu-toolchain/bin/../lib/gcc/avr/4.8.1/avr5\libgcc.a(_prologue.o)
 .text.libgcc.mul
                0x00000000        0x0 c:/program files (x86)/atmel/atmel toolchain/avr8 gcc/native/3.4.1061/avr8-gnu-toolchain/bin/../lib/gcc/avr/4.8.1/avr5\libgcc.a(_prologue.o)
 .text.libgcc.div
                0x00000000        0x0 c:/program files (x86)/atmel/atmel toolchain/avr8 gcc/native/3.4.1061/avr8-gnu-toolchain/bin/../lib/gcc/avr/4.8.1/avr5\libgcc.a(_prologue.o)
 .text.libgcc   0x00000000        0x0 c:/program files (x86)/atmel/atmel toolchain/avr8 gcc/native/3.4.1061/avr8-gnu-toolchain/bin/../lib/gcc/avr/4.8.1/avr5\libgcc.a(_prologue.o)
 .text.libgcc.builtins
                0x00000000        0x0 c:/program files (x86)/atmel/atmel toolchain/avr8 gcc/native/3.4.1061/avr8-gnu-toolchain/bin/../lib/gcc/avr/4.8.1/avr5\libgcc.a(_prologue.o)
 .text.libgcc.fmul
                0x00000000        0x0 c:/program files (x86)/atmel/atmel toolchain/avr8 gcc/native/3.4.1061/avr8-gnu-toolchain/bin/../lib/gcc/avr/4.8.1/avr5\libgcc.a(_prologue.o)
 .text.libgcc.fixed
                0x00000000        0x0 c:/program files (x86)/atmel/atmel toolchain/avr8 gcc/native/3.4.1061/avr8-gnu-toolchain/bin/../lib/gcc/avr/4.8.1/avr5\libgcc.a(_prologue.o)
 .text          0x00000000        0x0 c:/program files (x86)/atmel/atmel toolchain/avr8 gcc/native/3.4.1061/avr8-gnu-toolchain/bin/../lib/gcc/avr/4.8.1/avr5\libgcc.a(_epilogue.o)
 .data          0x00000000        0x0 c:/program files (x86)/atmel/atmel toolchain/avr8 gcc/native/3.4.1061/avr8-gnu-toolchain/bin/../lib/gcc/avr/4.8.1/avr5\libgcc.a(_epilogue.o)
 .bss           0x00000000        0x0 c:/program files (x86)/atmel/atmel toolchain/avr8 gcc/native/3.4.1061/avr8-gnu-toolchain/bin/../lib/gcc/avr/4.8.1/avr5\libgcc.a(_epilogue.o)
 .text.libgcc.mul
                0x00000000        0x0 c:/program files (x86)/atmel/atmel toolchain/avr8 gcc/native/3.4.1061/avr8-gnu-toolchain/bin/../lib/gcc/avr/4.8.1/avr5\libgcc.a(_epilogue.o)
 .text.libgcc.div
                0x00000000        0x0 c:/program files (x86)/atmel/atmel toolchain/avr8 gcc/native/3.4.1061/avr8-gnu-toolchain/bin/../lib/gcc/avr/4.8.1/avr5\libgcc.a(_epilogue.o)
 .text.libgcc   0x00000000        0x0 c:/program files (x86)/atmel/atmel toolchain/avr8 gcc/native/3.4.1061/avr8-gnu-toolchain/bin/../lib/gcc/avr/4.8.1/avr5\libgcc.a(_epilogue.o)
 .text.libgcc.builtins
                0x00000000        0x0 c:/program files (x86)/atmel/atmel toolchain/avr8 gcc/native/3.4.1061/avr8-gnu-toolchain/bin/../lib/gcc/avr/4.8.1/avr5\libgcc.a(_epilogue.o)
 .text.libgcc.fmul
                0x00000000        0x0 c:/program files (x86)/atmel/atmel toolchain/avr8 gcc/native/3.4.1061/avr8-gnu-toolchain/bin/../lib/gcc/avr/4.8.1/avr5\libgcc.a(_epilogue.o)
 .text.libgcc.fixed
                0x00000000        0x0 c:/program files (x86)/atmel/atmel toolchain/avr8 gcc/native/3.4.1061/avr8-gnu-toolchain/bin/../lib/gcc/avr/4.8.1/avr5\libgcc.a(_epilogue.o)

Memory Configuration

Name             Origin             Length             Attributes
text             0x00000000         0x00020000         xr
data             0x00800060         0x0000ffa0         rw !x
eeprom           0x00810000         0x00010000         rw !x
fuse             0x00820000         0x00000400         rw !x
lock             0x00830000         0x00000400         rw !x
signature        0x00840000         0x00000400         rw !x
user_signatures  0x00850000         0x00000400         rw !x
*default*        0x00000000         0xffffffff

Linker script and memory map

Address of section .data set to 0x800100
LOAD c:/program files (x86)/atmel/atmel toolchain/avr8 gcc/native/3.4.1061/avr8-gnu-toolchain/bin/../lib/gcc/avr/4.8.1/../../../../avr/lib/avr5/crtm328p.o
LOAD ATmega328.o
LOAD ff.o
LOAD mmc.o
LOAD sdExample.o
LOAD spi.o
START GROUP
LOAD c:/program files (x86)/atmel/atmel toolchain/avr8 gcc/native/3.4.1061/avr8-gnu-toolchain/bin/../lib/gcc/avr/4.8.1/../../../../avr/lib/avr5\libm.a
END GROUP
START GROUP
LOAD c:/program files (x86)/atmel/atmel toolchain/avr8 gcc/native/3.4.1061/avr8-gnu-toolchain/bin/../lib/gcc/avr/4.8.1/avr5\libgcc.a
LOAD c:/program files (x86)/atmel/atmel toolchain/avr8 gcc/native/3.4.1061/avr8-gnu-toolchain/bin/../lib/gcc/avr/4.8.1/../../../../avr/lib/avr5\libm.a
LOAD c:/program files (x86)/atmel/atmel toolchain/avr8 gcc/native/3.4.1061/avr8-gnu-toolchain/bin/../lib/gcc/avr/4.8.1/../../../../avr/lib/avr5\libc.a
END GROUP

.hash
 *(.hash)

.dynsym
 *(.dynsym)

.dynstr
 *(.dynstr)

.gnu.version
 *(.gnu.version)

.gnu.version_d
 *(.gnu.version_d)

.gnu.version_r
 *(.gnu.version_r)

.rel.init
 *(.rel.init)

.rela.init
 *(.rela.init)

.rel.text
 *(.rel.text)
 *(.rel.text.*)
 *(.rel.gnu.linkonce.t*)

.rela.text
 *(.rela.text)
 *(.rela.text.*)
 *(.rela.gnu.linkonce.t*)

.rel.fini
 *(.rel.fini)

.rela.fini
 *(.rela.fini)

.rel.rodata
 *(.rel.rodata)
 *(.rel.rodata.*)
 *(.rel.gnu.linkonce.r*)

.rela.rodata
 *(.rela.rodata)
 *(.rela.rodata.*)
 *(.rela.gnu.linkonce.r*)

.rel.data
 *(.rel.data)
 *(.rel.data.*)
 *(.rel.gnu.linkonce.d*)

.rela.data
 *(.rela.data)
 *(.rela.data.*)
 *(.rela.gnu.linkonce.d*)

.rel.ctors
 *(.rel.ctors)

.rela.ctors
 *(.rela.ctors)

.rel.dtors
 *(.rel.dtors)

.rela.dtors
 *(.rela.dtors)

.rel.got
 *(.rel.got)

.rela.got
 *(.rela.got)

.rel.bss
 *(.rel.bss)

.rela.bss
 *(.rela.bss)

.rel.plt
 *(.rel.plt)

.rela.plt
 *(.rela.plt)

.text           0x00000000     0x38ae
 *(.vectors)
 .vectors       0x00000000       0x68 c:/program files (x86)/atmel/atmel toolchain/avr8 gcc/native/3.4.1061/avr8-gnu-toolchain/bin/../lib/gcc/avr/4.8.1/../../../../avr/lib/avr5/crtm328p.o
                0x00000000                __vector_default
                0x00000000                __vectors
 *(.vectors)
 *(.progmem.gcc*)
 .progmem.gcc_sw_table.f_printf
                0x00000068       0x2e ff.o
                0x00000096                . = ALIGN (0x2)
                0x00000096                __trampolines_start = .
 *(.trampolines)
 .trampolines   0x00000096        0x0 linker stubs
 *(.trampolines*)
                0x00000096                __trampolines_end = .
 *(.progmem*)
                0x00000096                . = ALIGN (0x2)
 *(.jumptables)
 *(.jumptables*)
 *(.lowtext)
 *(.lowtext*)
                0x00000096                __ctors_start = .
 *(.ctors)
                0x00000096                __ctors_end = .
                0x00000096                __dtors_start = .
 *(.dtors)
                0x00000096                __dtors_end = .
 SORT(*)(.ctors)
 SORT(*)(.dtors)
 *(.init0)
 .init0         0x00000096        0x0 c:/program files (x86)/atmel/atmel toolchain/avr8 gcc/native/3.4.1061/avr8-gnu-toolchain/bin/../lib/gcc/avr/4.8.1/../../../../avr/lib/avr5/crtm328p.o
                0x00000096                __init
 *(.init0)
 *(.init1)
 *(.init1)
 *(.init2)
 .init2         0x00000096        0xc c:/program files (x86)/atmel/atmel toolchain/avr8 gcc/native/3.4.1061/avr8-gnu-toolchain/bin/../lib/gcc/avr/4.8.1/../../../../avr/lib/avr5/crtm328p.o
 *(.init2)
 *(.init3)
 *(.init3)
 *(.init4)
 .init4         0x000000a2       0x16 c:/program files (x86)/atmel/atmel toolchain/avr8 gcc/native/3.4.1061/avr8-gnu-toolchain/bin/../lib/gcc/avr/4.8.1/avr5\libgcc.a(_copy_data.o)
                0x000000a2                __do_copy_data
 .init4         0x000000b8       0x10 c:/program files (x86)/atmel/atmel toolchain/avr8 gcc/native/3.4.1061/avr8-gnu-toolchain/bin/../lib/gcc/avr/4.8.1/avr5\libgcc.a(_clear_bss.o)
                0x000000b8                __do_clear_bss
 *(.init4)
 *(.init5)
 *(.init5)
 *(.init6)
 *(.init6)
 *(.init7)
 *(.init7)
 *(.init8)
 *(.init8)
 *(.init9)
 .init9         0x000000c8        0x8 c:/program files (x86)/atmel/atmel toolchain/avr8 gcc/native/3.4.1061/avr8-gnu-toolchain/bin/../lib/gcc/avr/4.8.1/../../../../avr/lib/avr5/crtm328p.o
 *(.init9)
 *(.text)
 .text          0x000000d0        0x4 c:/program files (x86)/atmel/atmel toolchain/avr8 gcc/native/3.4.1061/avr8-gnu-toolchain/bin/../lib/gcc/avr/4.8.1/../../../../avr/lib/avr5/crtm328p.o
                0x000000d0                __vector_22
                0x000000d0                __vector_1
                0x000000d0                __vector_24
                0x000000d0                __vector_12
                0x000000d0                __bad_interrupt
                0x000000d0                __vector_6
                0x000000d0                __vector_3
                0x000000d0                __vector_23
                0x000000d0                __vector_25
                0x000000d0                __vector_11
                0x000000d0                __vector_13
                0x000000d0                __vector_17
                0x000000d0                __vector_19
                0x000000d0                __vector_7
                0x000000d0                __vector_5
                0x000000d0                __vector_4
                0x000000d0                __vector_9
                0x000000d0                __vector_2
                0x000000d0                __vector_21
                0x000000d0                __vector_15
                0x000000d0                __vector_8
                0x000000d0                __vector_14
                0x000000d0                __vector_10
                0x000000d0                __vector_16
                0x000000d0                __vector_18
                0x000000d0                __vector_20
                0x000000d4                . = ALIGN (0x2)
 *(.text.*)
 .text.usartReceiveStd
                0x000000d4       0x12 ATmega328.o
                0x000000d4                usartReceiveStd
 .text.usartConfig
                0x000000e6      0x15c ATmega328.o
                0x000000e6                usartConfig
 .text.usartEnableTransmitter
                0x00000242        0xe ATmega328.o
                0x00000242                usartEnableTransmitter
 .text.usartStdio
                0x00000250       0x20 ATmega328.o
                0x00000250                usartStdio
 .text.usartIsBufferEmpty
                0x00000270        0xc ATmega328.o
                0x00000270                usartIsBufferEmpty
 .text.usartTransmitStd
                0x0000027c       0x16 ATmega328.o
                0x0000027c                usartTransmitStd
 .text.mem_cpy  0x00000292       0x1c ff.o
 .text.move_window
                0x000002ae       0xfa ff.o
 .text.check_fs
                0x000003a8       0xd4 ff.o
 .text.validate
                0x0000047c       0x34 ff.o
 .text.chk_mounted
                0x000004b0      0x790 ff.o
 .text.clust2sect
                0x00000c40       0x5c ff.o
                0x00000c40                clust2sect
 .text.get_fat  0x00000c9c      0x1fe ff.o
                0x00000c9c                get_fat
 .text.dir_sdi  0x00000e9a      0x172 ff.o
 .text.put_fat  0x0000100c      0x246 ff.o
                0x0000100c                put_fat
 .text.create_chain
                0x00001252      0x20a ff.o
 .text.dir_next
                0x0000145c      0x244 ff.o
 .text.follow_path
                0x000016a0      0x32a ff.o
 .text.f_mount  0x000019ca       0x42 ff.o
                0x000019ca                f_mount
 .text.f_open   0x00001a0c      0x58a ff.o
                0x00001a0c                f_open
 .text.f_write  0x00001f96      0x35c ff.o
                0x00001f96                f_write
 .text.f_sync   0x000022f2      0x14c ff.o
                0x000022f2                f_sync
 .text.f_putc   0x0000243e       0x4a ff.o
                0x0000243e                f_putc
 .text.f_puts   0x00002488       0x52 ff.o
                0x00002488                f_puts
 .text.f_printf
                0x000024da      0x472 ff.o
                0x000024da                f_printf
 .text.rcvr_mmc
                0x0000294c       0x26 mmc.o
 .text.deselect
                0x00002972       0x20 mmc.o
 .text.wait_ready
                0x00002992       0x52 mmc.o
 .text.select   0x000029e4       0x3e mmc.o
 .text.rcvr_datablock
                0x00002a22       0x80 mmc.o
 .text.xmit_mmc
                0x00002aa2       0x26 mmc.o
 .text.send_cmd
                0x00002ac8       0xe0 mmc.o
 .text.xmit_datablock
                0x00002ba8       0x7a mmc.o
 .text.disk_status
                0x00002c22        0xe mmc.o
                0x00002c22                disk_status
 .text.disk_initialize
                0x00002c30      0x198 mmc.o
                0x00002c30                disk_initialize
 .text.disk_read
                0x00002dc8       0xa6 mmc.o
                0x00002dc8                disk_read
 .text.disk_write
                0x00002e6e       0xd4 mmc.o
                0x00002e6e                disk_write
 .text.disk_ioctl
                0x00002f42      0x170 mmc.o
                0x00002f42                disk_ioctl
 .text.main     0x000030b2      0x18e sdExample.o
                0x000030b2                main
 .text.SPI_Init
                0x00003240        0xa spi.o
                0x00003240                SPI_Init
 .text.SPI_SendReceiveByte
                0x0000324a        0xc spi.o
                0x0000324a                SPI_SendReceiveByte
 .text.SPI_SendByte
                0x00003256        0x6 spi.o
                0x00003256                SPI_SendByte
 .text.SPI_ReceiveByte
                0x0000325c        0x8 spi.o
                0x0000325c                SPI_ReceiveByte
 .text.libgcc.div
                0x00003264       0x44 c:/program files (x86)/atmel/atmel toolchain/avr8 gcc/native/3.4.1061/avr8-gnu-toolchain/bin/../lib/gcc/avr/4.8.1/avr5\libgcc.a(_udivmodsi4.o)
                0x00003264                __udivmodsi4
 .text.libgcc   0x000032a8        0xc c:/program files (x86)/atmel/atmel toolchain/avr8 gcc/native/3.4.1061/avr8-gnu-toolchain/bin/../lib/gcc/avr/4.8.1/avr5\libgcc.a(_tablejump.o)
                0x000032a8                __tablejump2__
                0x000032ac                __tablejump__
 .text.libgcc.mul
                0x000032b4       0x16 c:/program files (x86)/atmel/atmel toolchain/avr8 gcc/native/3.4.1061/avr8-gnu-toolchain/bin/../lib/gcc/avr/4.8.1/avr5\libgcc.a(_muluhisi3.o)
                0x000032b4                __muluhisi3
 .text.libgcc.builtins
                0x000032ca       0x3c c:/program files (x86)/atmel/atmel toolchain/avr8 gcc/native/3.4.1061/avr8-gnu-toolchain/bin/../lib/gcc/avr/4.8.1/avr5\libgcc.a(_ashrdi3.o)
                0x000032ca                __ashrdi3
                0x000032ce                __lshrdi3
 .text.libgcc.mul
                0x00003306       0x1e c:/program files (x86)/atmel/atmel toolchain/avr8 gcc/native/3.4.1061/avr8-gnu-toolchain/bin/../lib/gcc/avr/4.8.1/avr5\libgcc.a(_umulhisi3.o)
                0x00003306                __umulhisi3
 .text.avr-libc
                0x00003324       0x28 c:/program files (x86)/atmel/atmel toolchain/avr8 gcc/native/3.4.1061/avr8-gnu-toolchain/bin/../lib/gcc/avr/4.8.1/../../../../avr/lib/avr5\libc.a(printf.o)
                0x00003324                printf
 .text.avr-libc
                0x0000334c      0x3a4 c:/program files (x86)/atmel/atmel toolchain/avr8 gcc/native/3.4.1061/avr8-gnu-toolchain/bin/../lib/gcc/avr/4.8.1/../../../../avr/lib/avr5\libc.a(vfprintf_std.o)
                0x0000334c                vfprintf
 .text.avr-libc
                0x000036f0       0x16 c:/program files (x86)/atmel/atmel toolchain/avr8 gcc/native/3.4.1061/avr8-gnu-toolchain/bin/../lib/gcc/avr/4.8.1/../../../../avr/lib/avr5\libc.a(strnlen_P.o)
                0x000036f0                strnlen_P
 .text.avr-libc
                0x00003706       0x16 c:/program files (x86)/atmel/atmel toolchain/avr8 gcc/native/3.4.1061/avr8-gnu-toolchain/bin/../lib/gcc/avr/4.8.1/../../../../avr/lib/avr5\libc.a(strnlen.o)
                0x00003706                strnlen
 .text.avr-libc
                0x0000371c       0x64 c:/program files (x86)/atmel/atmel toolchain/avr8 gcc/native/3.4.1061/avr8-gnu-toolchain/bin/../lib/gcc/avr/4.8.1/../../../../avr/lib/avr5\libc.a(fputc.o)
                0x0000371c                fputc
 .text.avr-libc
                0x00003780       0xbc c:/program files (x86)/atmel/atmel toolchain/avr8 gcc/native/3.4.1061/avr8-gnu-toolchain/bin/../lib/gcc/avr/4.8.1/../../../../avr/lib/avr5\libc.a(ultoa_invert.o)
                0x00003780                __ultoa_invert
 .text.libgcc.prologue
                0x0000383c       0x38 c:/program files (x86)/atmel/atmel toolchain/avr8 gcc/native/3.4.1061/avr8-gnu-toolchain/bin/../lib/gcc/avr/4.8.1/avr5\libgcc.a(_prologue.o)
                0x0000383c                __prologue_saves__
 .text.libgcc.prologue
                0x00003874       0x36 c:/program files (x86)/atmel/atmel toolchain/avr8 gcc/native/3.4.1061/avr8-gnu-toolchain/bin/../lib/gcc/avr/4.8.1/avr5\libgcc.a(_epilogue.o)
                0x00003874                __epilogue_restores__
                0x000038aa                . = ALIGN (0x2)
 *(.fini9)
 .fini9         0x000038aa        0x0 c:/program files (x86)/atmel/atmel toolchain/avr8 gcc/native/3.4.1061/avr8-gnu-toolchain/bin/../lib/gcc/avr/4.8.1/avr5\libgcc.a(_exit.o)
                0x000038aa                _exit
                0x000038aa                exit
 *(.fini9)
 *(.fini8)
 *(.fini8)
 *(.fini7)
 *(.fini7)
 *(.fini6)
 *(.fini6)
 *(.fini5)
 *(.fini5)
 *(.fini4)
 *(.fini4)
 *(.fini3)
 *(.fini3)
 *(.fini2)
 *(.fini2)
 *(.fini1)
 *(.fini1)
 *(.fini0)
 .fini0         0x000038aa        0x4 c:/program files (x86)/atmel/atmel toolchain/avr8 gcc/native/3.4.1061/avr8-gnu-toolchain/bin/../lib/gcc/avr/4.8.1/avr5\libgcc.a(_exit.o)
 *(.fini0)
                0x000038ae                _etext = .

.data           0x00800100       0xd8 load address 0x000038ae
                0x00800100                PROVIDE (__data_start, .)
 *(.data)
 *(.data*)
 .data.usartStream
                0x00800100        0xe ATmega328.o
                0x00800100                usartStream
 .data.Stat     0x0080010e        0x1 mmc.o
 *(.rodata)
 *(.rodata*)
 .rodata.str1.1
                0x0080010f        0xf ff.o
 .rodata.excvt.1830
                0x0080011e       0x80 ff.o
 .rodata.str1.1
                0x0080019e       0x3a sdExample.o
 *(.gnu.linkonce.d*)
                0x008001d8                . = ALIGN (0x2)
                0x008001d8                _edata = .
                0x008001d8                PROVIDE (__data_end, .)

.bss            0x008001d8       0x15
                0x008001d8                PROVIDE (__bss_start, .)
 *(.bss)
 *(.bss*)
 .bss.Files     0x008001d8        0xa ff.o
 .bss.Fsid      0x008001e2        0x2 ff.o
 .bss.FatFs     0x008001e4        0x2 ff.o
 .bss.CardType  0x008001e6        0x1 mmc.o
 *(COMMON)
 COMMON         0x008001e7        0x6 c:/program files (x86)/atmel/atmel toolchain/avr8 gcc/native/3.4.1061/avr8-gnu-toolchain/bin/../lib/gcc/avr/4.8.1/../../../../avr/lib/avr5\libc.a(iob.o)
                0x008001e7                __iob
                0x008001ed                PROVIDE (__bss_end, .)
                0x000038ae                __data_load_start = LOADADDR (.data)
                0x00003986                __data_load_end = (__data_load_start + SIZEOF (.data))

.noinit         0x008001ed        0x0
                0x008001ed                PROVIDE (__noinit_start, .)
 *(.noinit*)
                0x008001ed                PROVIDE (__noinit_end, .)
                0x008001ed                _end = .
                0x008001ed                PROVIDE (__heap_start, .)

.eeprom         0x00810000        0x0
 *(.eeprom*)
                0x00810000                __eeprom_end = .

.fuse
 *(.fuse)
 *(.lfuse)
 *(.hfuse)
 *(.efuse)

.lock
 *(.lock*)

.signature
 *(.signature*)

.user_signatures
 *(.user_signatures*)

.stab
 *(.stab)

.stabstr
 *(.stabstr)

.stab.excl
 *(.stab.excl)

.stab.exclstr
 *(.stab.exclstr)

.stab.index
 *(.stab.index)

.stab.indexstr
 *(.stab.indexstr)

.comment        0x00000000       0x5c
 *(.comment)
 .comment       0x00000000       0x30 ATmega328.o
                                 0x31 (size before relaxing)
 .comment       0x00000000       0x31 ff.o
 .comment       0x00000000       0x31 mmc.o
 .comment       0x00000000       0x31 sdExample.o
 .comment       0x00000000       0x31 spi.o
 .comment       0x00000000       0x31 c:/program files (x86)/atmel/atmel toolchain/avr8 gcc/native/3.4.1061/avr8-gnu-toolchain/bin/../lib/gcc/avr/4.8.1/../../../../avr/lib/avr5\libc.a(iob.o)
 .comment       0x00000000       0x31 c:/program files (x86)/atmel/atmel toolchain/avr8 gcc/native/3.4.1061/avr8-gnu-toolchain/bin/../lib/gcc/avr/4.8.1/../../../../avr/lib/avr5\libc.a(printf.o)
 .comment       0x00000030       0x2c c:/program files (x86)/atmel/atmel toolchain/avr8 gcc/native/3.4.1061/avr8-gnu-toolchain/bin/../lib/gcc/avr/4.8.1/../../../../avr/lib/avr5\libc.a(vfprintf_std.o)
                                 0x2d (size before relaxing)
 .comment       0x00000000       0x31 c:/program files (x86)/atmel/atmel toolchain/avr8 gcc/native/3.4.1061/avr8-gnu-toolchain/bin/../lib/gcc/avr/4.8.1/../../../../avr/lib/avr5\libc.a(fputc.o)

.note.gnu.build-id
 *(.note.gnu.build-id)

.debug
 *(.debug)

.line
 *(.line)

.debug_srcinfo
 *(.debug_srcinfo)

.debug_sfnames
 *(.debug_sfnames)

.debug_aranges  0x00000000      0x770
 *(.debug_aranges)
 .debug_aranges
                0x00000000      0x5b0 ATmega328.o
 .debug_aranges
                0x000005b0       0xe8 ff.o
 .debug_aranges
                0x00000698       0x80 mmc.o
 .debug_aranges
                0x00000718       0x20 sdExample.o
 .debug_aranges
                0x00000738       0x38 spi.o

.debug_pubnames
 *(.debug_pubnames)

.debug_info     0x00000000     0x5fbc
 *(.debug_info .gnu.linkonce.wi.*)
 .debug_info    0x00000000     0x2422 ATmega328.o
 .debug_info    0x00002422     0x2569 ff.o
 .debug_info    0x0000498b      0xd03 mmc.o
 .debug_info    0x0000568e      0x810 sdExample.o
 .debug_info    0x00005e9e      0x11e spi.o

.debug_abbrev   0x00000000      0xbc5
 *(.debug_abbrev)
 .debug_abbrev  0x00000000      0x388 ATmega328.o
 .debug_abbrev  0x00000388      0x33d ff.o
 .debug_abbrev  0x000006c5      0x285 mmc.o
 .debug_abbrev  0x0000094a      0x1b4 sdExample.o
 .debug_abbrev  0x00000afe       0xc7 spi.o

.debug_line     0x00000000     0x1f58
 *(.debug_line .debug_line.* .debug_line_end)
 .debug_line    0x00000000     0x1072 ATmega328.o
 .debug_line    0x00001072      0x96a ff.o
 .debug_line    0x000019dc      0x371 mmc.o
 .debug_line    0x00001d4d      0x12b sdExample.o
 .debug_line    0x00001e78       0xe0 spi.o

.debug_frame    0x00000000     0x159c
 *(.debug_frame)
 .debug_frame   0x00000000      0xbb8 ATmega328.o
 .debug_frame   0x00000bb8      0x6f8 ff.o
 .debug_frame   0x000012b0      0x260 mmc.o
 .debug_frame   0x00001510       0x38 sdExample.o
 .debug_frame   0x00001548       0x54 spi.o

.debug_str      0x00000000     0x2973
 *(.debug_str)
 .debug_str     0x00000000     0x233f ATmega328.o
                               0x23ff (size before relaxing)
 .debug_str     0x0000233f      0x4e1 ff.o
                                0x634 (size before relaxing)
 .debug_str     0x00002820       0xe8 mmc.o
                                0x2ee (size before relaxing)
 .debug_str     0x00002908       0x4c sdExample.o
                                0x81a (size before relaxing)
 .debug_str     0x00002954       0x1f spi.o
                                0x185 (size before relaxing)

.debug_loc      0x00000000     0x7374
 *(.debug_loc)
 .debug_loc     0x00000000     0x15e9 ATmega328.o
 .debug_loc     0x000015e9     0x4d92 ff.o
 .debug_loc     0x0000637b      0xf53 mmc.o
 .debug_loc     0x000072ce       0x66 sdExample.o
 .debug_loc     0x00007334       0x40 spi.o

.debug_macinfo
 *(.debug_macinfo)

.debug_weaknames
 *(.debug_weaknames)

.debug_funcnames
 *(.debug_funcnames)

.debug_typenames
 *(.debug_typenames)

.debug_varnames
 *(.debug_varnames)

.debug_pubtypes
 *(.debug_pubtypes)

.debug_ranges   0x00000000      0x888
 *(.debug_ranges)
 .debug_ranges  0x00000000      0x5c0 ATmega328.o
 .debug_ranges  0x000005c0      0x208 ff.o
 .debug_ranges  0x000007c8       0x88 mmc.o
 .debug_ranges  0x00000850       0x10 sdExample.o
 .debug_ranges  0x00000860       0x28 spi.o

.debug_macro
 *(.debug_macro)
OUTPUT(sdExample.elf elf32-avr)
LOAD linker stubs
